pgctl  pgctl.yaml
╭─╭─ run ────────────────────────────────────────────────────────────────────╮─╮
│ │>   type to search 11 commands                                            │ │
│ │every key that acts right now; a greyed row says why it cannot    11 of 11│ │
│ │──────────────────────────────────────────────────────────────────────────│ │
╰─│ Operations                                       act on what is selected │ │
╭─│  snapshot                    n    read the chosen databases and write a c│ │
│ │  apply                            no snapshot selected — take one with n │ │
│ │  move                        m    snapshot one connection into another an│ │
╰─│  prune                       p    report what the retention policy would │ │
╭─│  delete the snapshot              no snapshot selected                   │ │
│ │ The tool itself                                           not the estate │ │
╰─│  update pgctl                     still asking GitHub what the latest rel│ │
╭─│ Reading                                               nothing is written │ │
│ │  reload                      r    re-list snapshots and re-probe every co│ │
╰─│  filter                      /    narrow the focused panel               │ │
╭─│  next tab                    ]    what the detail pane is showing        │ │
│ │  detail pane                 tab  focus it, and back                     │ │
╰─│                                                                    13/14 │ │
╭─│──────────────────────────────────────────────────────────────────────────│ │
│ │  enter run · ↑↓ move · esc close                                         │ │
╰─╰──────────────────────────────────────────────────────────────────────────╯─╯
