pgctl  pgctl.yaml
╭─╭─ run ────────────────────────────────────────────────────────────────────╮─╮
│ │>   type to search 10 commands                                            │ │
│ │every key that acts right now; a greyed row says why it cannot    10 of 10│ │
│ │──────────────────────────────────────────────────────────────────────────│ │
╰─│ Operations                                       act on what is selected │ │
╭─│  snapshot                    n    read the chosen databases and write a c│ │
│ │  apply                            no snapshot selected — take one with n │ │
│ │  move                        m    snapshot one connection into another an│ │
╰─│  prune                       p    report what the retention policy would │ │
╭─│  delete the snapshot              no snapshot selected                   │ │
│ │ Reading                                               nothing is written │ │
╰─│  reload                      r    re-list snapshots and re-probe every co│ │
╭─│  filter                      /    narrow the focused panel               │ │
│ │  next tab                    ]    what the detail pane is showing        │ │
╰─│  detail pane                 tab  focus it, and back                     │ │
╭─│  keys                        ?    every binding, by screen               │ │
│ │                                                                          │ │
╰─│                                                                    12/12 │ │
╭─│──────────────────────────────────────────────────────────────────────────│ │
│ │  enter run · ↑↓ move · esc close                                         │ │
╰─╰──────────────────────────────────────────────────────────────────────────╯─╯
