pgctl  pgctl.yaml
╭─ [1] Connections /zz ────────╮▏╭─────────────────────────────────────────────╮
│ nothing matches /zz          │▏│ ‹ Overview · Config ›                       │
╰──────────────────────────────╯▏│                                             │
╭─ [2] Databases ──────────────╮▏│ no connections declared in pgctl.yaml       │
│ none                         │▏│                                             │
╰──────────────────────────────╯▏│                                             │
╭─ [3] Snapshots ──────────────╮▏│                                             │
│ none — press n               │▏│                                             │
╰──────────────────────────────╯▏│                                             │
╭─ [4] Sets (1) ───────────────╮▏│                                             │
│ claims                     ? │▏│                                             │
╰──────────────────────────────╯▏│                                             │
╭─ [5] Runs ───────────────────╮▏│                                             │
│ nothing run yet              │▏│                                             │
╰──────────────────────────────╯▏│                                             │
                                ▏│                                             │
                                ▏│                                             │
                                ▏│                                             │
                                ▏│                                             │
                                ▏│                                             │
                                ▏╰─────────────────────────────────────────────╯
/zz                                                       enter keep · esc clear