pgctl  pgctl.yaml
╭─ 1 Connections (3) ──────────╮ ╭─────────────────────────────────────────────╮
│ ● prd       protected        │ │ ‹ Manifest · Tables · Warnings · Drift ›    │
│ ● qat       guarded          │ │                                             │
│ ✗ scratch                    │ │ prd/product-development/20260828T030000Z    │
╰──╭────────────────────────────────────────────────────────────────────────╮  │
╭─ │ Apply prd/product-development/20260828T030000Z                         │  │
│ p│ Replaces data on the target. The plan is shown before anything is      │  │
│ c│ touched.                                                               │  │
│ q│                                                                        │  │
╰──│ ▸ Target            ‹ qat  (guarded — needs its name typed) ›  (1/2)   │  │
╭─ │   Scope             ‹ whole database — drop and recreate it ›  (1/3)   │  │
│ 0│   Tables            nothing yet                                        │  │
╰──│   Widen to closure  no                                                 │  │
╭─ │                                                                        │  │
│ c│ ← → to change                                                          │  │
╰──│ ← → change · ↑↓ fields · enter run · esc cancel                        │  │
╭─ ╰────────────────────────────────────────────────────────────────────────╯  │
│ nothing run yet              │ │   no data      1                            │
╰──────────────────────────────╯ │   foreign keys 0                            │
                                 │                                             │
                                 ╰─────────────────────────────────────────────╯
