pgctl  pgctl.yaml
╭─ [1] Connections (4) ────────╭──────────────────────────────────────────────╮╮
│ ● prd              protected │refused                                       ││
│ ● qat                guarded │                                              ││
│ ● local                      │scratch is unreachable, so there is no        ││
│ ✗ scratch                    │database to act on: dial tcp 127.0.0.1:5432:  ││
╰──────────────────────────────│connect: connection refused                   ││
╭─ [2] Databases ──────────────│                                              ││
│ unreachable                  │esc dismiss                                   ││
╰──────────────────────────────╰──────────────────────────────────────────────╯│
╭─ [3] Snapshots ──────────────╮▏│ r retries. A secrets file that will not     │
│ none on scratch — press n    │▏│ decrypt, a firewall rule that does not list │
╰──────────────────────────────╯▏│ this address, and a stopped server all look │
╭─ [4] Restorable (1) ─────────╮▏│ the same from here.                         │
│   prd                        │▏│                                             │
╰──────────────────────────────╯▏│                                             │
╭─ [5] Sets (1) ───────────────╮▏│                                             │
│ claims                     ? │▏│                                             │
╰──────────────────────────────╯▏│                                             │
╭─ [6] Runs ───────────────────╮▏│                                             │
│ nothing run yet              │▏│                                             │
╰──────────────────────────────╯▏╰─────────────────────────────────────────────╯
n snapshot · a apply · m move · p prune · / filter · [ ] tabs · ? keys    v0.3.0