pgctl  pgctl.yaml
╭─ ╭────────────────────────────────────────────────────────────────────────╮──╮
│ ●│ Take a snapshot of prd                                                 │  │
│ ●│                                                                        │  │
│ ✗│ Reads the chosen databases and writes a compressed copy. Nothing is    │  │
╰──│ written to prd. Choose where they go: keeping them here, sending them  │  │
╭─ │ away, or both.                                                         │  │
│ p│                                                                        │  │
│ c│  choose at least one destination — space chooses, and more than one i… │  │
│ q│                                                                        │  │
╰──│                                                                        │  │
╭─ │   Databases      1 of 3                                                │  │
│  │ ▸ ●   product-development                                              │  │
╰──│   ○   claims                                                           │  │
╭─ │   ○   quote                                                            │  │
│ c│   Where it goes  nothing chosen yet                                    │  │
╰──│   ○   local           keep it on this machine, in .pgctl/snapshots     │… │
╭─ │   ○   snapshots       upload it to the pg-snapshots container          │  │
│ n│ product-development alone                                              │  │
╰──│   ↑↓ move · space choose · a all · tab field · enter take it · esc can │  │
   ╰────────────────────────────────────────────────────────────────────────╯  │
                                ▏╰─────────────────────────────────────────────╯
