pgctl  pgctl.yaml
╭─ 1 Connections (3) ──────────╮ ╭─────────────────────────────────────────────╮
│ ● prd       protected        │ │ ‹ Overview · Databases · Config ›           │
│ ● qat       guarded          │ │                                             │
│ ✗╭────────────────────────────────────────────────────────────────────────╮  │
╰──│ Take a snapshot                                                        │  │
╭─ │ Reads the chosen databases and writes a compressed copy. Nothing is    │  │
│ p│ written to the source.                                                 │  │
│ c│                                                                        │  │
│ q│ ▸ Connection         ‹ prd  PostgreSQL 17.4, 3 databases ›  (1/3)      │  │
╰──│   Databases          1 of 3                                            │  │
╭─ │       ○ claims                                                         │  │
│ 0│       ● product-development                                            │  │
╰──│       ○ quote                                                          │  │
╭─ │   Upload to storage  no                                                │  │
│ c│                                                                        │  │
╰──│ ← → to change                                                          │… │
╭─ │ ← → change · ↑↓ fields · enter run · esc cancel                        │  │
│ n╰────────────────────────────────────────────────────────────────────────╯  │
╰──────────────────────────────╯ │                                             │
                                 │                                             │
                                 ╰─────────────────────────────────────────────╯
