pgctl  pgctl.yaml
╭─ 1 Connections (3) ──────────╮▏╭─────────────────────────────────────────────╮
│ ● prd              protected │▏│ ‹ Overview · Databases · Config ›           │
│ ● qat                guarded │▏│                                             │
│ ✗ scratch                    │▏│ prd                                         │
╰──╭────────────────────────────────────────────────────────────────────────╮  │
╭─ │ Take a snapshot of prd/product-development                             │  │
│ p│                                                                        │  │
│ c│ Reads product-development and writes a compressed copy. Nothing is     │  │
│ q│ written to prd. Choose where it goes: keeping it here, sending it      │  │
╰──│ away, or both.                                                         │  │
╭─ │                                                                        │  │
│  │   Where it goes  1 of 2                                                │  │
╰──│   ○   local           keep it on this machine, in .pgctl/snapshots     │  │
╭─ │ ▸ ●   snapshots       upload it to the pg-snapshots container          │  │
│ c│ uploaded, and then the copy here is deleted                            │  │
╰──│   ↑↓ move · space choose · a all · enter take it · esc cancel          │… │
╭─ ╰────────────────────────────────────────────────────────────────────────╯  │
│ nothing run yet              │▏│                                             │
╰──────────────────────────────╯▏│                                             │
                                ▏│                                             │
                                ▏╰─────────────────────────────────────────────╯
