pgctl  pgctl.yaml
╭─ [1] Connections (4) ────────╮▏╭─────────────────────────────────────────────╮
│ ● prd              protected │▏│ ‹ Overview · Config ›                       │
│ ● qat                guarded │▏│                                             │
│ ● local                      │▏│ prd                                         │
│ ✗╭────────────────────────────────────────────────────────────────────────╮  │
╰──│ Move prd/product-development into another connection                   │  │
╭─ │                                                                        │  │
│ p│ Takes a snapshot into a temporary directory, applies it, and deletes   │  │
│ c│ it. Nothing is catalogued or uploaded, and nothing is written to prd.  │  │
│ q│                                                                        │  │
╰──│                                                                        │  │
╭─ │ ▸ To                        ‹ qat  (guarded — needs its name typed) ›  │  │
│  │   Keep the staged snapshot  no                                         │  │
╰──│ ← → to change                                                          │  │
╭─ │   ↑↓ field · ←→ change · enter move it · esc cancel                    │  │
│ c╰────────────────────────────────────────────────────────────────────────╯… │
╰──────────────────────────────╯▏│                                             │
╭─ [5] Runs ───────────────────╮▏│                                             │
│ nothing run yet              │▏│                                             │
╰──────────────────────────────╯▏│                                             │
                                ▏╰─────────────────────────────────────────────╯
