pgctl  pgctl.yaml
╭─ 1 Connections (4) ──────────╮▏╭─────────────────────────────────────────────╮
│ ● prd              protected │▏│ ‹ Manifest · Tables · Warnings · Drift ›    │
│ ● qat                guarded │▏│                                             │
│ ● local                      │▏│ prd/product-development/20260828T030000Z    │
│ ✗ scratch                    │▏│                                             │
╰──────────────────────────────╯▏│ taken       2026-08-27 22:00  14h ago       │
╭─ ╭────────────────────────────────────────────────────────────────────────╮  │
│ p│ Delete prd/product-development/20260828T030000Z                        │  │
│ c│                                                                        │  │
│ q│ Removes 1.9 GB from local. This cannot be undone.                      │  │
╰──│                                                                        │  │
╭─ │ ▸ Yes, delete it  no                                                   │  │
│  │ space toggles                                                          │  │
╰──│   space toggle · enter delete it · esc cancel                          │  │
╭─ ╰────────────────────────────────────────────────────────────────────────╯  │
│ claims                   2+2 │▏│   whole        1                            │
╰──────────────────────────────╯▏│   filtered     1                            │
╭─ 5 Runs ─────────────────────╮▏│   no data      1                            │
│ nothing run yet              │▏│   foreign keys 0                            │
╰──────────────────────────────╯▏│                                             │
                                ▏╰─────────────────────────────────────────────╯
