pgctl  pgctl.yaml
╭─ [1] Connections (4) ────────╮▏╭─────────────────────────────────────────────╮
│ ● prd              protected │▏│ ‹ Overview · Config ›                       │
│ ● qat                guarded │▏│                                             │
│ ● local                      │▏│ prd                                         │
╰──────────────────────────────╯▏│ protected — never a target                  │
╭─ [2] D╭──────────────────────────────────────────────────────────────╮       │
│ produc│Leave while apply → qat is running?                           │       │
│ claims│                                                              │       │
╰───────│It is cancelled rather than abandoned, so the engine's        │       │
╭─ [3] S│onFailure and postApply hooks still run — they are what       │       │
│   08-2│bring an environment back up. Anything already written stays  │       │
╰───────│written.                                                      │       │
╭─ [4] R│                                                              │       │
│       │y cancel it and leave · esc stay                              │       │
╰───────╰──────────────────────────────────────────────────────────────╯       │
╭─ [5] Sets (1) ───────────────╮▏│   newest 14h ago  prd/product-development/… │
│ claims                   2+2 │▏│                                             │
╰──────────────────────────────╯▏│                                             │
╭─ [6] Runs (2) ───────────────╮▏│                                             │
│ ⠋ apply → qat           1:41 │▏│                                             │
╰──────────────────────────────╯▏╰─────────────────────────────────────────────╯
q stop and leave · ] log · ? keys