pgc╭────────────────────────────────────────────────────────────────────────╮
╭─ │ Apply prd/20260828T030000Z                                             │──╮
│ ●│                                                                        │  │
│ ●│ Replaces data on the target, one database at a time. 1 database taken  │  │
│ ●│ 14h ago. The plan is shown before anything is touched.                 │  │
╰──│                                                                        │  │
╭─ │ data                                                                   │  │
│ p│                                                                        │  │
│ c│ product-development — 6 tables, 2.3 GB                                 │  │
╰──│ widened to include 2 more: operations.policy_contract, public.address  │  │
╭─ │ 81 foreign keys dropped and rebuilt, 31 indexes rebuilt                │  │
│  │ 12 user triggers disabled for the load on 1 table                      │  │
╰──│ 1. public.address                                                      │  │
╭─ │ 2. operations.cancellation, operations.policy_contract,                │  │
│  │ operations.policy_contract_quote                                       │  │
╰──│ 3. claims.policy_claim                                                 │  │
╭─ │ 4. claims.claim_detail                                                 │… │
│ c│ ring: operations.cancellation, operations.policy_contract,             │  │
╰──│ operations.policy_contract_quote                                       │  │
╭─ │                                                                 19/21  │  │
│ n│ read it, then confirm. Nothing has been touched yet.                   │  │
╰──│   enter apply it · ↑↓ read · esc back                                  │──╯
   ╰────────────────────────────────────────────────────────────────────────╯