pgc╭────────────────────────────────────────────────────────────────────────╮
╭─ │ Apply prd/product-development/20260828T030000Z                         │──╮
│ ●│                                                                        │  │
│ ●│ Replaces data on the target. The plan is shown before anything is      │  │
│ ●│ touched.                                                               │  │
│ ✗│                                                                        │  │
╰──│ 81 foreign keys dropped and rebuilt, 31 indexes rebuilt                │  │
╭─ │ 12 user triggers disabled for the load on 1 table                      │  │
│ p│                                                                        │  │
│ c│ LOAD ORDER                                                             │  │
│ q│ 1. public.address                                                      │  │
╰──│ 2. operations.cancellation, operations.policy_contract,                │  │
╭─ │ operations.policy_contract_quote                                       │  │
│  │ 3. claims.policy_claim                                                 │  │
╰──│ 4. claims.claim_detail                                                 │  │
╭─ │ ring: operations.cancellation, operations.policy_contract,             │  │
│ c│ operations.policy_contract_quote                                       │… │
╰──│                                                                        │  │
╭─ │ ! audit.logged_actions carries no data in this snapshot, so applying   │  │
│ n│                                                                 19/20  │  │
╰──│ read it, then confirm. Nothing has been touched yet.                   │  │
   │   enter apply it · ↑↓ read · esc back                                  │──╯
   ╰────────────────────────────────────────────────────────────────────────╯