pgctl  pgctl.yaml
╭─ [1] Connections (4) ────────╮▏╭─────────────────────────────────────────────╮
│ ● prd              protected │▏│ ‹ Steps · Log ›                             │
│ ● qat                guarded │▏│                                             │
│ ● local                      │▏│ snapshot prd  Copying product-development f │
╰──────────────────────────────╯▏│   16:56:00 product-development  pg_dump --… │
╭─ [2] Databases (3) ──────────╮▏│   16:56:30 product-development  claims.pol… │
│ product-development  11.0 GB │▏│   16:58:30 product-development  1 table ha… │
│ claims               48.0 MB │▏│   16:58:32 product-development  quotes.quo… │
╰──────────────────────────────╯▏│   16:58:40 product-development  rule "oper… │
╭─ [3] Snapshots (1) ──────────╮▏│   16:58:50 product-development  prd/produc… │
│   08-28 03:00     1db 1.9 GB │▏│   16:59:00 claims               pg_dump --… │
╰──────────────────────────────╯▏│   16:59:15 claims               prd/claims… │
╭─ [4] Restorable ─────────────╮▏│   16:59:22 claims               snapshot c… │
│                              │▏│                                             │
╰──────────────────────────────╯▏│                                             │
╭─ [5] Sets (1) ───────────────╮▏│                                             │
│ claims                   2+2 │▏│                                             │
╰──────────────────────────────╯▏│                                             │
╭─ [6] Runs (2) ───────────────╮▏│                                             │
│ ✓ snapshot prd          3:22 │▏│                                  following  │
╰──────────────────────────────╯▏╰─────────────────────────────────────────────╯
q stop and leave · ] log · ? keys                                         v0.3.0