pgctl  pgctl.yaml
╭─ [1] Connections (4) ────────╮▏╭─────────────────────────────────────────────╮
│ ● prd              protected │▏│ ‹ Steps · Log ›                             │
│ ● qat                guarded │▏│                                             │
│ ● local                      │▏│ apply → qat  Replacing 38 tables on qat wit │
╰──────────────────────────────╯▏│ [─·························] 2 of 38 tables │
╭─ [2] Databases (3) ──────────╮▏│   16:57:40 81 foreign keys, 31 indexes      │
│ product-development  11.0 GB │▏│   16:57:50 111 user triggers on 33 tables   │
│ claims               48.0 MB │▏│   16:58:00 children before parents          │
╰──────────────────────────────╯▏│   16:58:10 42 archive entries, 4 jobs       │
╭─ [3] Snapshots (1) ──────────╮▏│   16:58:20 claims.policy_claim  483,187 ro… │
│   08-28 03:00     1db 1.9 GB │▏│   16:58:30 claims.claim_detail  1.2M rows   │
╰──────────────────────────────╯▏│   16:58:35 504 MB of 1.9 GB                 │
╭─ [4] Restorable ─────────────╮▏│                                             │
│                              │▏│                                             │
╰──────────────────────────────╯▏│                                             │
╭─ [5] Sets (1) ───────────────╮▏│                                             │
│ claims                   2+2 │▏│                                             │
╰──────────────────────────────╯▏│                                             │
╭─ [6] Runs (2) ───────────────╮▏│                                             │
│ ⠋ apply → qat           1:41 │▏│                                  following  │
╰──────────────────────────────╯▏╰─────────────────────────────────────────────╯
q stop and leave · ] log · ? keys                                         v0.3.0