pgctl  pgctl.yaml
╭─ 1 Connections (3) ──────────╮▏╭─────────────────────────────────────────────╮
│ ● prd              protected │▏│ ‹ Steps · Log ›                             │
│ ● qat                guarded │▏│                                             │
│ ✗ scratch                    │▏│ snapshot prd  Copying product-development f │
╰──────────────────────────────╯▏│ product-development                         │
╭─ 2 Databases (3) ────────────╮▏│     ✓ dump  claims.policy_claim     2:30    │
│ product-development  11.0 GB │▏│     ✓ filtered copy  quotes.quote   0:20    │
│ claims               48.0 MB │▏│         ! rule "operations.gone" matches no │
│ quote                20.0 GB │▏│     ✓ push  prd/product-development/… to az │
╰──────────────────────────────╯▏│                                             │
╭─ 3 Snapshots (1) ────────────╮▏│ claims                                      │
│   08-27 22:00       1.9 GB l │▏│     ✓ dump  pg_dump --format=directory --jo │
╰──────────────────────────────╯▏│     ✓ push  prd/claims/… to azure blob0:07  │
╭─ 4 Sets (1) ─────────────────╮▏│                                             │
│ claims                   2+2 │▏│   snapshotted product-development from prd  │
╰──────────────────────────────╯▏│                                             │
╭─ 5 Runs (2) ─────────────────╮▏│                                             │
│ ⠋ apply → qat           1:41 │▏│                                             │
│ ✓ snapshot prd          3:22 │▏│                                             │
╰──────────────────────────────╯▏│                                      11/11  │
                                ▏╰─────────────────────────────────────────────╯
q stop and leave · ] log · ? keys