pgctl  pgctl.yaml
╭─ [1] Connections (4) ────────╮▏╭─────────────────────────────────────────────╮
│ ● prd              protected │▏│ ‹ Steps · Log ›                             │
│ ● qat                guarded │▏│                                             │
│ ● local                      │▏│ apply → qat  Replacing 38 tables on qat wit │
╰──────────────────────────────╯▏│ [─·························] 2 of 38 tables │
╭─ [2] Databases (3) ──────────╮▏│   ✓ drop constraints  81 foreign keys, 31 i │
│ product-development  11.0 GB │▏│   ✓ disable triggers  111 user triggers on  │
│ claims               48.0 MB │▏│   ✓ truncate  children before parents 0:10  │
╰──────────────────────────────╯▏│   ⠋ load  504 MB of 1.9 GB            1:50  │
╭─ [3] Snapshots (1) ──────────╮▏│                                             │
│   08-27 22:00     1db 1.9 GB │▏│   running…                                  │
╰──────────────────────────────╯▏│                                             │
╭─ [4] Restorable ─────────────╮▏│                                             │
│                              │▏│                                             │
╰──────────────────────────────╯▏│                                             │
╭─ [5] Sets (1) ───────────────╮▏│                                             │
│ claims                   2+2 │▏│                                             │
╰──────────────────────────────╯▏│                                             │
╭─ [6] Runs (2) ───────────────╮▏│                                             │
│ ⠋ apply → qat           1:41 │▏│                                             │
╰──────────────────────────────╯▏╰─────────────────────────────────────────────╯
q stop and leave · ] log · ? keys