pgctl  pgctl.yaml
╭─ [1] Connections (4) ────────╮▏╭─────────────────────────────────────────────╮
│ ● prd              protected │▏│ ‹ Steps · Log ›                             │
│ ● qat                guarded │▏│                                             │
│ ● local                      │▏│ snapshot prd  Copying product-development f │
╰──────────────────────────────╯▏│ product-development                         │
╭─ [2] Databases (3) ──────────╮▏│     ✓ dump  claims.policy_claim     2:30    │
│ product-development  11.0 GB │▏│     ✓ filtered copy  quotes.quote   0:20    │
│ claims               48.0 MB │▏│         ! rule "operations.gone" matches no │
╰──────────────────────────────╯▏│     ✓ push  prd/product-development/… to az │
╭─ [3] Snapshots (1) ──────────╮▏│                                             │
│   08-28 03:00     1db 1.9 GB │▏│ claims                                      │
╰──────────────────────────────╯▏│     ✓ dump  pg_dump --format=directory --jo │
╭─ [4] Restorable ─────────────╮▏│     ✓ push  prd/claims/… to azure blob0:07  │
│                              │▏│                                             │
╰──────────────────────────────╯▏│   snapshotted product-development from prd  │
╭─ [5] Sets (1) ───────────────╮▏│                                             │
│ claims                   2+2 │▏│                                             │
╰──────────────────────────────╯▏│                                             │
╭─ [6] Runs (2) ───────────────╮▏│                                             │
│ ✓ snapshot prd          3:22 │▏│                                      11/11  │
╰──────────────────────────────╯▏╰─────────────────────────────────────────────╯
q stop and leave · ] log · ? keys