pgctl  pgctl.yaml
╭─ 1 Connections (3) ──────────╮ ╭─────────────────────────────────────────────╮
│ ● prd       protected        │ │ ‹ Log ›                                     │
│ ● qat       guarded          │ │                                             │
│                         2/3  │ │ Nothing has run yet.                        │
╰──────────────────────────────╯ │                                             │
╭─ 2 Databases (3) ────────────╮ │ n takes a snapshot, a applies one, m moves  │
│ product-development  11.0 GB │ │                                             │
│                         1/3  │ │                                             │
╰──────────────────────────────╯ │                                             │
╭─ 3 Snapshots (1) ────────────╮ │                                             │
│ 08-27 22:00  1.9 GB l        │ │                                             │
│                         1/1  │ │                                             │
╰──────────────────────────────╯ │                                             │
╭─ 4 Sets (1) ─────────────────╮ │                                             │
│ claims 2+2                   │ │                                             │
│                         1/1  │ │                                             │
╰──────────────────────────────╯ │                                             │
╭─ 5 Runs ─────────────────────╮ │                                             │
│ nothing run yet              │ │                                             │
│                              │ │                                        3/3  │
╰──────────────────────────────╯ ╰─────────────────────────────────────────────╯
n snapshot · a apply · m move · p prune · / filter · tab pane · ? keys