pgctl  pgctl.yaml
╭─ [1] Connections (4) ────────╮▏╭─────────────────────────────────────────────╮
│ ● prd              protected │▏│ ‹ Members · Closure · Load order ›          │
│ ● qat                guarded │▏│                                             │
│ ● local                      │▏│   claims                                    │
╰──────────────────────────────╯▏│   claims and everything a claim points at   │
╭─ [2] Databases (3) ──────────╮▏│                                             │
│ product-development  11.0 GB │▏│   patterns      claims.*                    │
│ claims               48.0 MB │▏│   matches       2 tables on prd             │
╰──────────────────────────────╯▏│   closure       +2 more — see Closure       │
╭─ [3] Snapshots (1) ──────────╮▏│                                             │
│   08-28 03:00     1db 1.9 GB │▏│   MEMBERS                                   │
╰──────────────────────────────╯▏│   TABLE                                SIZE │
╭─ [4] Restorable ─────────────╮▏│ › claims.policy_claim              180.0 MB │
│                              │▏│   claims.claim_detail                     - │
╰──────────────────────────────╯▏│                                             │
╭─ [5] Sets (1) ───────────────╮▏│                                             │
│ claims                   2+2 │▏│                                             │
╰──────────────────────────────╯▏│                                             │
╭─ [6] Runs ───────────────────╮▏│                                             │
│ nothing run yet              │▏│                                      11/11  │
╰──────────────────────────────╯▏╰─────────────────────────────────────────────╯
n snapshot · a apply · m move · p prune · / filter · [ ] tabs · ? keys