pgctl  pgctl.yaml
╭─ 1 Connections (3) ──────────╮ ╭─────────────────────────────────────────────╮
│ ● prd       protected        │ │ ‹ Manifest · Tables · Warnings · Drift ›    │
│ ● qat       guarded          │ │                                             │
│ ✗ scratch                    │ │ ! rule "operations.gone" matches no table … │
╰──────────────────────────────╯ │                                             │
╭─ 2 Databases (3) ────────────╮ │                                             │
│ product-development  11.0 GB │ │                                             │
│ claims               48.0 MB │ │                                             │
│ quote                20.0 GB │ │                                             │
╰──────────────────────────────╯ │                                             │
╭─ 3 Snapshots (1) ────────────╮ │                                             │
│ 08-27 22:00  1.9 GB l        │ │                                             │
╰──────────────────────────────╯ │                                             │
╭─ 4 Sets (1) ─────────────────╮ │                                             │
│ claims 2+2                   │ │                                             │
╰──────────────────────────────╯ │                                             │
╭─ 5 Runs ─────────────────────╮ │                                             │
│ nothing run yet              │ │                                             │
╰──────────────────────────────╯ │                                             │
                                 │                                             │
                                 ╰─────────────────────────────────────────────╯
n snapshot · a apply · m move · p prune · x delete · / filter · ? keys