pgctl  pgctl.yaml
╭─ 1 Connections (3) ──────────╮ ╭─────────────────────────────────────────────╮
│ ● prd       protected        │ │ ‹ Manifest · Tables · Warnings · Drift ›    │
│ ● qat       guarded          │ │                                             │
│                         2/3  │ │ prd/product-development/20260828T030000Z    │
╰──────────────────────────────╯ │                                             │
╭─ 2 Databases (3) ────────────╮ │ taken       2026-08-27 22:00  14h ago       │
│ product-development  11.0 GB │ │ took        3:22                            │
│                         1/3  │ │ size        1.9 GB                          │
╰──────────────────────────────╯ │ tables      3                               │
╭─ 3 Snapshots (1) ────────────╮ │ where       local                           │
│ 08-27 22:00  1.9 GB l        │ │ server      PostgreSQL    pg_dump           │
│                         1/1  │ │ compression zstd:3   4 jobs                 │
╰──────────────────────────────╯ │ source size 20.2 GB                         │
╭─ 4 Sets (1) ─────────────────╮ │                                             │
│ claims 2+2                   │ │ CONTENTS                                    │
│                         1/1  │ │   whole        1                            │
╰──────────────────────────────╯ │   filtered     1                            │
╭─ 5 Runs ─────────────────────╮ │   no data      1                            │
│ nothing run yet              │ │   foreign keys 0                            │
│                              │ │                                             │
╰──────────────────────────────╯ ╰─────────────────────────────────────────────╯
n snapshot · a apply · m move · p prune · x delete · / filter · ? keys