pgctl  pgctl.yaml
╭─ [1] Connections (4) ────────╮▏╭─────────────────────────────────────────────╮
│ ● prd              protected │▏│ ‹ Manifest · Tables · Warnings · Drift ›    │
│ ● qat                guarded │▏│                                             │
│ ● local                      │▏│ prd/20260828T030000Z                        │
╰──────────────────────────────╯▏│                                             │
╭─ [2] Databases (3) ──────────╮▏│ taken       2026-08-27 22:00  14h ago       │
│ product-development  11.0 GB │▏│ from        prd                             │
│ claims               48.0 MB │▏│ state       complete                        │
╰──────────────────────────────╯▏│ databases   1                               │
╭─ [3] Snapshots (2) ──────────╮▏│ size        1.9 GB                          │
│   08-27 22:00     1db 1.9 GB │▏│ tables      3                               │
╰──────────────────────────────╯▏│ where       local                           │
╭─ [4] Restorable ─────────────╮▏│ server      PostgreSQL    pg_dump           │
│                              │▏│ compression zstd:3   4 jobs                 │
╰──────────────────────────────╯▏│ source size 20.2 GB                         │
╭─ [5] Sets (1) ───────────────╮▏│                                             │
│ claims                   2+2 │▏│ CONTENTS                                    │
╰──────────────────────────────╯▏│   whole    1                                │
╭─ [6] Runs ───────────────────╮▏│   filtered 1                                │
│ nothing run yet              │▏│   no data  1                                │
╰──────────────────────────────╯▏╰─────────────────────────────────────────────╯
n snapshot · a apply · m move · p prune · x delete · / filter · ? keys