pgctl  pgctl.yaml
╭─ 1 Connections (3) ──────────╮ ╭─────────────────────────────────────────────╮
│ ● prd       protected        │ │ ‹ Manifest · Tables · Warnings · Drift ›    │
│ ● qat       guarded          │ │                                             │
│ ✗ scratch                    │ │ TABLE     SOURCE SIZE     ROWS CARRIED      │
╰──────────────────────────────╯ │ audit.l…          0 B        - none         │
╭─ 2 Databases (3) ────────────╮ │ claims.…     180.0 MB     483k all          │
│ product-development  11.0 GB │ │ quotes.…      20.0 GB     147k 4k rows      │
│ claims               48.0 MB │ │                                             │
│ quote                20.0 GB │ │                                             │
╰──────────────────────────────╯ │                                             │
╭─ 3 Snapshots (1) ────────────╮ │                                             │
│ 08-27 22:00  1.9 GB l        │ │                                             │
╰──────────────────────────────╯ │                                             │
╭─ 4 Sets (1) ─────────────────╮ │                                             │
│ claims 2+2                   │ │                                             │
╰──────────────────────────────╯ │                                             │
╭─ 5 Runs ─────────────────────╮ │                                             │
│ nothing run yet              │ │                                             │
╰──────────────────────────────╯ │                                             │
                                 │                                        4/4  │
                                 ╰─────────────────────────────────────────────╯
n snapshot · a apply · m move · p prune · x delete · / filter · ? keys