pgctl  pgctl.yaml
╭─ [1] Connections (4) ────────╮▏╭─────────────────────────────────────────────╮
│ ● prd              protected │▏│ ‹ Members · Closure · Load order ›          │
│ ● qat                guarded │▏│                                             │
│ ● local                      │▏│ NOT CLOSED                                  │
╰──────────────────────────────╯▏│   2 tables reference 2 others. An apply is  │
╭─ [2] Databases (3) ──────────╮▏│   refused unless you widen it to include    │
│ product-development  11.0 GB │▏│   these.                                    │
│ claims               48.0 MB │▏│                                             │
╰──────────────────────────────╯▏│ WOULD BE ADDED BY --WIDEN                   │
╭─ [3] Snapshots (1) ──────────╮▏│    operations.policy_contract               │
│   08-28 03:00     1db 1.9 GB │▏│    public.address                           │
╰──────────────────────────────╯▏│                                             │
╭─ [4] Restorable ─────────────╮▏│                                             │
│                              │▏│                                             │
╰──────────────────────────────╯▏│                                             │
╭─ [5] Sets (1) ───────────────╮▏│                                             │
│ claims                   2+2 │▏│                                             │
╰──────────────────────────────╯▏│                                             │
╭─ [6] Runs ───────────────────╮▏│                                             │
│ nothing run yet              │▏│                                             │
╰──────────────────────────────╯▏╰─────────────────────────────────────────────╯
n snapshot · a apply · m move · p prune · / filter · [ ] tabs · ? keys    v0.3.0