pgctl  pgctl.yaml
╭─ [1] Connections (4) ────────╮▏╭─────────────────────────────────────────────╮
│ ● prd              protected │▏│ ‹ Manifest · Tables · Warnings · Drift ›    │
│ ● qat                guarded │▏│                                             │
│ ● local                      │▏│ product-development rule "operations.gone"… │
╰──────────────────────────────╯▏│                                             │
╭─ [2] Databases (3) ──────────╮▏│                                             │
│ product-development  11.0 GB │▏│                                             │
│ claims               48.0 MB │▏│                                             │
╰──────────────────────────────╯▏│                                             │
╭─ [3] Snapshots (1) ──────────╮▏│                                             │
│   08-28 03:00     1db 1.9 GB │▏│                                             │
╰──────────────────────────────╯▏│                                             │
╭─ [4] Restorable ─────────────╮▏│                                             │
│                              │▏│                                             │
╰──────────────────────────────╯▏│                                             │
╭─ [5] Sets (1) ───────────────╮▏│                                             │
│ claims                   2+2 │▏│                                             │
╰──────────────────────────────╯▏│                                             │
╭─ [6] Runs ───────────────────╮▏│                                             │
│ nothing run yet              │▏│                                             │
╰──────────────────────────────╯▏╰─────────────────────────────────────────────╯
n snapshot · a apply · m move · p prune · x delete · / filter · ? keys