pgctl  pgctl.yaml
╭─ 1 Connections (3) ──────────╮▏╭─────────────────────────────────────────────╮
│ ● prd              protected │▏│ ‹ Members · Closure · Load order ›          │
│ ● qat                guarded │▏│                                             │
│ ✗ scratch                    │▏│ NOT CLOSED                                  │
╰──────────────────────────────╯▏│   2 tables reference 2 others. An apply is  │
╭─ 2 Databases (3) ────────────╮▏│   refused unless you widen it to include    │
│ product-development  11.0 GB │▏│   these.                                    │
│ claims               48.0 MB │▏│                                             │
│ quote                20.0 GB │▏│ WOULD BE ADDED BY --WIDEN                   │
╰──────────────────────────────╯▏│    operations.policy_contract               │
╭─ 3 Snapshots (1) ────────────╮▏│    public.address                           │
│   08-27 22:00       1.9 GB l │▏│                                             │
╰──────────────────────────────╯▏│                                             │
╭─ 4 Sets (1) ─────────────────╮▏│                                             │
│ claims                   2+2 │▏│                                             │
╰──────────────────────────────╯▏│                                             │
╭─ 5 Runs ─────────────────────╮▏│                                             │
│ nothing run yet              │▏│                                             │
╰──────────────────────────────╯▏│                                             │
                                ▏│                                             │
                                ▏╰─────────────────────────────────────────────╯
n snapshot · a apply · m move · p prune · / filter · ctrl+p commands · ? keys