pgctl  pgctl.yaml
╭─ [1] Connections (4) ────────╮▏╭─────────────────────────────────────────────╮
│ ● prd              protected │▏│ ‹ Manifest · Tables · Warnings · Drift ›    │
│ ● qat                guarded │▏│                                             │
│ ● local                      │▏│   DATABASE               SOURCE SIZE     RO │
╰──────────────────────────────╯▏│ › product-development            0 B        │
╭─ [2] Databases (3) ──────────╮▏│   product-development       180.0 MB     48 │
│ product-development  11.0 GB │▏│   product-development        20.0 GB     14 │
│ claims               48.0 MB │▏│                                             │
╰──────────────────────────────╯▏│                                             │
╭─ [3] Snapshots (1) ──────────╮▏│                                             │
│   08-27 22:00     1db 1.9 GB │▏│                                             │
╰──────────────────────────────╯▏│                                             │
╭─ [4] Restorable ─────────────╮▏│                                             │
│                              │▏│                                             │
╰──────────────────────────────╯▏│                                             │
╭─ [5] Sets (1) ───────────────╮▏│                                             │
│ claims                   2+2 │▏│                                             │
╰──────────────────────────────╯▏│                                             │
╭─ [6] Runs ───────────────────╮▏│                                             │
│ nothing run yet              │▏│                                        4/4  │
╰──────────────────────────────╯▏╰─────────────────────────────────────────────╯
n snapshot · a apply · m move · p prune · x delete · / filter · ? keys