pgctl  pgctl.yaml
╭─ [1] Connections (4) ────────╮▏╭─────────────────────────────────────────────╮
│ ● prd              protected │▏│ ‹ Tables · Rules · Foreign keys ›           │
│ ● qat                guarded │▏│                                             │
│ ● local                      │▏│ quotes.quote                                │
│ ✗ scratch                    │▏│   data    filtered                          │
╰──────────────────────────────╯▏│   matches 1 table                           │
╭─ [2] Databases (3) ──────────╮▏│   where   created_at > now() - interval '3… │
│ product-development  11.0 GB │▏│   why     20 GB of jsonb payloads           │
│ claims               48.0 MB │▏│                                             │
│ quote                20.0 GB │▏│                                             │
╰──────────────────────────────╯▏│                                             │
╭─ [3] Snapshots (1) ──────────╮▏│                                             │
│   08-27 22:00        1.9 GB  │▏│                                             │
╰──────────────────────────────╯▏│                                             │
╭─ [4] Sets (1) ───────────────╮▏│                                             │
│ claims                   2+2 │▏│                                             │
╰──────────────────────────────╯▏│                                             │
╭─ [5] Runs ───────────────────╮▏│                                             │
│ nothing run yet              │▏│                                             │
╰──────────────────────────────╯▏│                                             │
                                ▏╰─────────────────────────────────────────────╯
n snapshot · a apply · m move · p prune · / filter · [ ] tabs · ? keys