pgctl  pgctl.yaml
╭─ 1 Connections (3) ──────────╮▏╭─────────────────────────────────────────────╮
│ ● prd              protected │▏│ ‹ Overview · Databases · Config ›           │
│ ● qat                guarded │▏│                                             │
│ ✗ scratch                    │▏│ scratch                                     │
╰──────────────────────────────╯▏│                                             │
╭─ 2 Databases ────────────────╮▏│ CANNOT REACH SCRATCH                        │
│ unreachable                  │▏│   dial tcp 127.0.0.1:5432: connect:         │
╰──────────────────────────────╯▏│   connection refused                        │
╭─ 3 Snapshots ────────────────╮▏│                                             │
│ none on scratch — press n    │▏│ r retries. A secrets file that will not     │
╰──────────────────────────────╯▏│ decrypt, a firewall rule that does not list │
╭─ 4 Sets (1) ─────────────────╮▏│ this address, and a stopped server all look │
│ claims                     ? │▏│ the same from here.                         │
╰──────────────────────────────╯▏│                                             │
╭─ 5 Runs ─────────────────────╮▏│                                             │
│ nothing run yet              │▏│                                             │
╰──────────────────────────────╯▏│                                             │
                                ▏│                                             │
                                ▏│                                             │
                                ▏│                                             │
                                ▏╰─────────────────────────────────────────────╯
n snapshot · a apply · m move · p prune · / filter · ctrl+p commands · ? keys