pgctl  pgctl.yaml
╭─ 1 Connections (3) ───────────╮▏╭────────────────────────────────────────────────────────────────────────────────────────────────╮
│ ● prd               protected │▏│ ‹ Overview · Config ›                                                                          │
│ ● qat                 guarded │▏│                                                                                                │
│ ✗ scratch                     │▏│ prd                                                                                            │
╰───────────────────────────────╯▏│ protected — never a target                                                                     │
╭─ 2 Databases (3) ─────────────╮▏│                                                                                                │
│ product-development   11.0 GB │▏│ host       prd.example:5432                                                                    │
│ claims                48.0 MB │▏│ user       mbpiadmin                                                                           │
│ quote                 20.0 GB │▏│ server     PostgreSQL 17.4                                                                     │
╰───────────────────────────────╯▏│ databases  3                                                                                   │
╭─ 3 Snapshots (1)╭─ run ────────────────────────────────────────────────────────────────────────────────────────╮                 │
│   08-27 22:00   │> p                                                                                           │                 │
╰─────────────────│every key that acts right now; a greyed row says why it cannot                          5 of 9│                 │
╭─ 4 Sets (1) ────│──────────────────────────────────────────────────────────────────────────────────────────────│                 │
│ claims          │  prune                             p    Operations          report what the retention policy │                 │
╰─────────────────│  detail pane                       tab  Reading             focus it, then cycle its tabs    │                 │
╭─ 5 Runs ────────│  apply                             a    Operations          replace data with prd/product-dev│                 │
│ nothing run yet │  snapshot                          n    Operations          read the chosen databases and wri│                 │
╰─────────────────│  delete the snapshot               x    Operations          remove it from disk and from stor│                 │
                  │                                                                                              │                 │
                  │                                                                                          5/5 │                 │
                  │──────────────────────────────────────────────────────────────────────────────────────────────│                 │
                  │  enter run · ↑↓ move · esc close                                                             │                 │
                  ╰──────────────────────────────────────────────────────────────────────────────────────────────╯                 │
                                 ▏│                                                                                                │
                                 ▏│                                                                                                │
                                 ▏│                                                                                                │
                                 ▏│                                                                                                │
                                 ▏│                                                                                                │
                                 ▏│                                                                                                │
                                 ▏│                                                                                                │
                                 ▏│                                                                                                │
                                 ▏│                                                                                                │
                                 ▏│                                                                                                │
                                 ▏╰────────────────────────────────────────────────────────────────────────────────────────────────╯
