pgctl  pgctl.yaml
╭─ [1] Connections (4) ─────────╮▏╭────────────────────────────────────────────────────────────────────────────────────────────────╮
│ ● prd               protected │▏│ ‹ Overview · Config ›                                                                          │
│ ● qat                 guarded │▏│                                                                                                │
│ ● local                       │▏│ prd                                                                                            │
│ ✗ scratch                     │▏│ protected — never a target                                                                     │
╰───────────────────────────────╯▏│                                                                                                │
╭─ [2] Databases (3) ───────────╮▏│ host       prd.example:5432                                                                    │
│ product-development   11.0 GB │▏│ user       dbadmin                                                                             │
│ claims                48.0 MB │▏│ server     PostgreSQL 17.4                                                                     │
│ quote                 20.0 GB │▏│ databases  3                                                                                   │
╰─────────────────╭─ run ────────────────────────────────────────────────────────────────────────────────────────╮                 │
╭─ [3] Snapshots (│> p                                                                                           │                 │
│   08-27 22:00   │every key that acts right now; a greyed row says why it cannot                         5 of 10│                 │
╰─────────────────│──────────────────────────────────────────────────────────────────────────────────────────────│                 │
╭─ [4] Restorable │  prune                             p    Operations          report what the retention policy │                 │
│                 │  detail pane                       tab  Reading             focus it, and back               │                 │
╰─────────────────│  apply                             a    Operations          restore 1 database of prd/2026082│                 │
╭─ [5] Sets (1) ──│  snapshot                          n    Operations          read the chosen databases and wri│                 │
│ claims          │  delete the snapshot               x    Operations          remove it from disk and from stor│                 │
╰─────────────────│                                                                                              │                 │
╭─ [6] Runs ──────│                                                                                          5/5 │                 │
│ nothing run yet │──────────────────────────────────────────────────────────────────────────────────────────────│                 │
╰─────────────────│  enter run · ↑↓ move · esc close                                                             │                 │
                  ╰──────────────────────────────────────────────────────────────────────────────────────────────╯                 │
                                 ▏│                                                                                                │
                                 ▏│                                                                                                │
                                 ▏│                                                                                                │
                                 ▏│                                                                                                │
                                 ▏│                                                                                                │
                                 ▏│                                                                                                │
                                 ▏│                                                                                                │
                                 ▏│                                                                                                │
                                 ▏│                                                                                                │
                                 ▏│                                                                                                │
                                 ▏╰────────────────────────────────────────────────────────────────────────────────────────────────╯
