pgctl  pgctl.yaml
╭─ [1] Connections (4) ─────────╮▏╭────────────────────────────────────────────────────────────────────────────────────────────────╮
│ ● prd               protected │▏│ ‹ Overview · Config ›                                                                          │
│ ● qat                 guarded │▏│                                                                                                │
│ ● local                       │▏│ prd                                                                                            │
│ ✗ scratch                     │▏│ protected — never a target                                                                     │
╰───────────────────────────────╯▏│                                                                                                │
╭─ [2] Databases (╭─ run ────────────────────────────────────────────────────────────────────────────────────────╮                 │
│ product-developm│>   type to search 11 commands                                                                │                 │
│ claims          │every key that acts right now; a greyed row says why it cannot                        11 of 11│                 │
│ quote           │──────────────────────────────────────────────────────────────────────────────────────────────│                 │
╰─────────────────│ Operations                                                           act on what is selected │                 │
╭─ [3] Snapshots (│  snapshot                    n    read the chosen databases and write a compressed copy      │                 │
│   08-28 03:00   │  apply                       a    restore 1 database of prd/20260828T030000Z — the plan is sh│                 │
╰─────────────────│  move                        m    snapshot one connection into another and delete the copy   │                 │
╭─ [4] Restorable │  prune                       p    report what the retention policy would remove              │                 │
│                 │  delete the snapshot         x    remove it from disk and from storage — this cannot be undon│                 │
╰─────────────────│ The tool itself                                                               not the estate │                 │
╭─ [5] Sets (1) ──│  update pgctl                     still asking GitHub what the latest release is             │                 │
│ claims          │ Reading                                                                   nothing is written │                 │
╰─────────────────│  reload                      r    re-list snapshots and re-probe every connection pgctl has r│                 │
╭─ [6] Runs ──────│  filter                      /    narrow the focused panel                                   │                 │
│ nothing run yet │  next tab                    ]    what the detail pane is showing                            │                 │
╰─────────────────│  detail pane                 tab  focus it, and back                                         │                 │
                  │  keys                        ?    every binding, by screen                                   │                 │
                  │                                                                                              │                 │
                  │                                                                                        14/14 │                 │
                  │──────────────────────────────────────────────────────────────────────────────────────────────│                 │
                  │  enter run · ↑↓ move · esc close                                                             │                 │
                  ╰──────────────────────────────────────────────────────────────────────────────────────────────╯                 │
                                 ▏│                                                                                                │
                                 ▏│                                                                                                │
                                 ▏│                                                                                                │
                                 ▏│                                                                                                │
                                 ▏│                                                                                                │
                                 ▏╰────────────────────────────────────────────────────────────────────────────────────────────────╯
