pgctl  pgctl.yaml
╭─ 1 Connections (3) ───────────╮ ╭────────────────────────────────────────────────────────────────────────────────────────────────╮
│ ● prd       protected         │ │ ‹ Tables · Rules · Foreign keys ›                                                              │
│ ● qat       guarded           │ │                                                                                                │
│ ✗ scratch                     │ │ tables         3   total          24.2 GB                                                      │
│                          3/3  │ │ TABLE                                                                  SIZE     ROWS SNAPSHOT  │
╰───────────────────────────────╯ │ claims.policy_claim                                                180.0 MB     483k all       │
╭─ 2 Databases (3) ─────────────╮ │ quotes.quote                                                        20.0 GB     147k filtered  │
│ product-development  11.0 GB  │ │ audit.logged_actions                                                 4.0 GB     9.1M all       │
│ claims               48.0 MB  │ │                                                                                                │
│ quote                20.0 GB  │ │                                                                                                │
│                          3/3  │ │                                                                                                │
╰───────────────────────────────╯ │                                                                                                │
╭─ 3 Snapshots (1) ─────────────╮ │                                                                                                │
│ 08-27 22:00  1.9 GB l         │ │                                                                                                │
│                          1/1  │ │                                                                                                │
╰───────────────────────────────╯ │                                                                                                │
╭─ 4 Sets (1) ──────────────────╮ │                                                                                                │
│ claims 2+2                    │ │                                                                                                │
│                          1/1  │ │                                                                                                │
╰───────────────────────────────╯ │                                                                                                │
╭─ 5 Runs ──────────────────────╮ │                                                                                                │
│ nothing run yet               │ │                                                                                                │
│                               │ │                                                                                                │
╰───────────────────────────────╯ │                                                                                                │
                                  │                                                                                                │
                                  │                                                                                                │
                                  │                                                                                                │
                                  │                                                                                                │
                                  │                                                                                                │
                                  │                                                                                                │
                                  │                                                                                                │
                                  │                                                                                                │
                                  │                                                                                                │
                                  │                                                                                           5/5  │
                                  ╰────────────────────────────────────────────────────────────────────────────────────────────────╯
n snapshot · a apply · m move · p prune · / filter · tab pane · ? keys