pgctl  pgctl.yaml
╭─ [1] Connections (4) ─────────╮▏╭────────────────────────────────────────────────────────────────────────────────────────────────╮
│ ● prd               protected │▏│ ‹ Tables · Rules · Foreign keys ›                                                              │
│ ● qat                 guarded │▏│                                                                                                │
│ ● local                       │▏│   tables        3   total   24.2 GB                                                            │
│ ✗ scratch                     │▏│                                                                                                │
╰───────────────────────────────╯▏│   TABLE                                                                SIZE     ROWS SNAPSHOT  │
╭─ [2] Databases (3) ───────────╮▏│ › claims.policy_claim                                              180.0 MB     483k all       │
│ product-development   11.0 GB │▏│   quotes.quote                                                      20.0 GB     147k filtered  │
│ claims                48.0 MB │▏│   audit.logged_actions                                               4.0 GB     9.1M all       │
│ quote                 20.0 GB │▏│                                                                                                │
╰───────────────────────────────╯▏│                                                                                                │
╭─ [3] Snapshots (1) ───────────╮▏│                                                                                                │
│   08-28 03:00      1db 1.9 GB │▏│                                                                                                │
╰───────────────────────────────╯▏│                                                                                                │
╭─ [4] Restorable ──────────────╮▏│                                                                                                │
│                               │▏│                                                                                                │
╰───────────────────────────────╯▏│                                                                                                │
╭─ [5] Sets (1) ────────────────╮▏│                                                                                                │
│ claims                    2+2 │▏│                                                                                                │
╰───────────────────────────────╯▏│                                                                                                │
╭─ [6] Runs ────────────────────╮▏│                                                                                                │
│ nothing run yet               │▏│                                                                                                │
╰───────────────────────────────╯▏│                                                                                                │
                                 ▏│                                                                                                │
                                 ▏│                                                                                                │
                                 ▏│                                                                                                │
                                 ▏│                                                                                                │
                                 ▏│                                                                                                │
                                 ▏│                                                                                                │
                                 ▏│                                                                                                │
                                 ▏│                                                                                                │
                                 ▏│                                                                                                │
                                 ▏│                                                                                                │
                                 ▏│                                                                                           6/6  │
                                 ▏╰────────────────────────────────────────────────────────────────────────────────────────────────╯
n snapshot · a apply · m move · p prune · / filter · [ ] tabs · ctrl+p commands · ? keys