pgctl  pgctl.yaml
╭──────────────────────────────╮ ╭─────────────────────────────────────────────────────────────────────────────────────────────────╮
│ 1 Connections (3)            │ │  Overview  Databases  Config                                                                    │
│ ● prd       protected        │ │                                                                                                 │
│ ● qat       guarded          │ │ prd  protected — never a target                                                                 │
│ ✗ scratch                    │ │                                                                                                 │
╰──────────────────────────────╯ │ host           prd.example:5432                                                                 │
╭──────────────────────────────╮ │ user           mbpiadmin                                                                        │
│ 2 Databases (3)              │ │ server         PostgreSQL 17.4                                                                  │
│ product-development  11.0 GB │ │ databases      3                                                                                │
│ claims               48.0 MB │ │ total size     31.0 GB                                                                          │
│ quote                20.0 GB │ │ checked        just now                                                                         │
╰──────────────────────────────╯ │                                                                                                 │
╭──────────────────────────────╮ │ SNAPSHOTS                                                                                       │
│ 3 Snapshots (1)              │ │ count          1                                                                                │
│ 08-27 22:00  1.9 GB l        │ │ newest         14h ago  prd/product-development/20260828T030000Z                                │
╰──────────────────────────────╯ │                                                                                                 │
╭──────────────────────────────╮ │                                                                                                 │
│ 4 Sets (1)                   │ │                                                                                                 │
│ claims 2+2                   │ │                                                                                                 │
╰──────────────────────────────╯ │                                                                                                 │
╭──────────────────────────────╮ │                                                                                                 │
│ 5 Runs                       │ │                                                                                                 │
│ nothing run yet              │ │                                                                                                 │
╰──────────────────────────────╯ │                                                                                                 │
                                 │                                                                                                 │
                                 │                                                                                                 │
                                 │                                                                                                 │
                                 │                                                                                                 │
                                 │                                                                                                 │
                                 │                                                                                                 │
                                 │                                                                                                 │
                                 │                                                                                                 │
                                 │                                                                                                 │
                                 │                                                                                                 │
                                 │                                                                                                 │
                                 ╰─────────────────────────────────────────────────────────────────────────────────────────────────╯
n snapshot  ·  a apply  ·  m move  ·  p prune  ·  / filter  ·  tab pane  ·  ? keys