pgctl  pgctl.yaml
╭─ 1 Connections (3) ───────────╮ ╭────────────────────────────────────────────────────────────────────────────────────────────────╮
│ ● prd       protected         │ │ ‹ Overview · Databases · Config ›                                                              │
│ ● qat       guarded           │ │                                                                                                │
│ ✗ scratch                     │ │ prd                                                                                            │
│                          3/3  │ │ protected — never a target                                                                     │
╰───────────────────────────────╯ │                                                                                                │
╭─ 2 Databases (3) ─────────────╮ │ host       prd.example:5432                                                                    │
│ product-development  11.0 GB  │ │ user       mbpiadmin                                                                           │
│ claims               48.0 MB  │ │ server     PostgreSQL 17.4                                                                     │
│ quote                20.0 GB  │ │ databases  3                                                                                   │
│                          3/3  │ │ total size 31.0 GB                                                                             │
╰───────────────────────────────╯ │ checked    just now                                                                            │
╭─ 3 Snapshots ─────────────────╮ │                                                                                                │
│ none — press n                │ │ SNAPSHOTS                                                                                      │
│                               │ │   none — press n to take one                                                                   │
╰───────────────────────────────╯ │                                                                                                │
╭─ 4 Sets (1) ──────────────────╮ │                                                                                                │
│ claims 2+2                    │ │                                                                                                │
│                          1/1  │ │                                                                                                │
╰───────────────────────────────╯ │                                                                                                │
╭─ 5 Runs ──────────────────────╮ │                                                                                                │
│ nothing run yet               │ │                                                                                                │
│                               │ │                                                                                                │
╰───────────────────────────────╯ │                                                                                                │
                                  │                                                                                                │
                                  │                                                                                                │
                                  │                                                                                                │
                                  │                                                                                                │
                                  │                                                                                                │
                                  │                                                                                                │
                                  │                                                                                                │
                                  │                                                                                                │
                                  │                                                                                                │
                                  │                                                                                                │
                                  ╰────────────────────────────────────────────────────────────────────────────────────────────────╯
n snapshot · a apply · m move · p prune · / filter · tab pane · ? keys