pgctl  pgctl.yaml
╭─ [1] Connections (1) /qat ────╮▏╭────────────────────────────────────────────────────────────────────────────────────────────────╮
│ ● qat                 guarded │▏│ ‹ Overview · Config ›                                                                          │
╰───────────────────────────────╯▏│                                                                                                │
╭─ [2] Databases (1) ───────────╮▏│ qat                                                                                            │
│ product-development    9.0 GB │▏│ guarded                                                                                        │
╰───────────────────────────────╯▏│                                                                                                │
╭─ [3] Snapshots ───────────────╮▏│ host       qat.example:5432                                                                    │
│ none on qat — press n         │▏│ user       dbadmin                                                                             │
╰───────────────────────────────╯▏│ server     PostgreSQL 17.4                                                                     │
╭─ [4] Restorable (1) ──────────╮▏│ databases  1                                                                                   │
│   prd                         │▏│ total size 9.0 GB                                                                              │
│     08-28 03:00    1db 1.9 GB │▏│ checked    1m ago                                                                              │
╰───────────────────────────────╯▏│                                                                                                │
╭─ [5] Sets (1) ────────────────╮▏│ SNAPSHOTS                                                                                      │
│ claims                      ? │▏│   none — press n to take one                                                                   │
╰───────────────────────────────╯▏│                                                                                                │
╭─ [6] Runs ────────────────────╮▏│                                                                                                │
│ nothing run yet               │▏│                                                                                                │
╰───────────────────────────────╯▏│                                                                                                │
                                 ▏│                                                                                                │
                                 ▏│                                                                                                │
                                 ▏│                                                                                                │
                                 ▏│                                                                                                │
                                 ▏│                                                                                                │
                                 ▏│                                                                                                │
                                 ▏│                                                                                                │
                                 ▏│                                                                                                │
                                 ▏│                                                                                                │
                                 ▏│                                                                                                │
                                 ▏│                                                                                                │
                                 ▏│                                                                                                │
                                 ▏│                                                                                                │
                                 ▏│                                                                                                │
                                 ▏│                                                                                                │
                                 ▏╰────────────────────────────────────────────────────────────────────────────────────────────────╯
esc clear /qat · n snapshot · a apply · m move · p prune · / filter · [ ] tabs · ctrl+p commands · ? keys                     v0.3.0