pgctl  pgctl.yaml
╭──────────────────────────────╮ ╭─────────────────────────────────────────────────────────────────────────────────────────────────╮
│ 1 /q                         │ │  Overview  Databases  Config                                                                    │
│ ● qat       guarded          │ │                                                                                                 │
╰──────────────────────────────╯ │ qat  guarded                                                                                    │
╭──────────────────────────────╮ │                                                                                                 │
│ 2 Databases (1)              │ │ host           qat.example:5432                                                                 │
│ product-development   9.0 GB │ │ user           mbpiadmin                                                                        │
╰──────────────────────────────╯ │ server         PostgreSQL 17.4                                                                  │
╭──────────────────────────────╮ │ databases      1                                                                                │
│ 3 Snapshots                  │ │ total size     9.0 GB                                                                           │
│ none — press n               │ │ checked        1m ago                                                                           │
╰──────────────────────────────╯ │                                                                                                 │
╭──────────────────────────────╮ │ SNAPSHOTS                                                                                       │
│ 4 Sets (1)                   │ │ none — press n to take one                                                                      │
│ claims ?                     │ │                                                                                                 │
╰──────────────────────────────╯ │                                                                                                 │
╭──────────────────────────────╮ │                                                                                                 │
│ 5 Runs                       │ │                                                                                                 │
│ nothing run yet              │ │                                                                                                 │
╰──────────────────────────────╯ │                                                                                                 │
                                 │                                                                                                 │
                                 │                                                                                                 │
                                 │                                                                                                 │
                                 │                                                                                                 │
                                 │                                                                                                 │
                                 │                                                                                                 │
                                 │                                                                                                 │
                                 │                                                                                                 │
                                 │                                                                                                 │
                                 │                                                                                                 │
                                 │                                                                                                 │
                                 │                                                                                                 │
                                 │                                                                                                 │
                                 │                                                                                                 │
                                 │                                                                                                 │
                                 ╰─────────────────────────────────────────────────────────────────────────────────────────────────╯
filter: q▏   enter accept · esc clear