pgctl  pgctl.yaml
╭─ [1] Connections (4) ─────────╮▏╭────────────────────────────────────────────────────────────────────────────────────────────────╮
│ ● prd               protected │▏│ ‹ Overview · Config ›                                                                          │
│ ● qat                 guarded │▏│                                                                                                │
│ ● local                       │▏│ prd                                                                                            │
│ ✗ scratch                     │▏│ protected — never a target                                                                     │
╰───────────────────────────────╯▏│                                                                                                │
╭─ [2] Databases (3) ───────────╮▏│ host       prd.example:5432                                                                    │
│ product-development   11.0 GB │▏│ user       mbpiadmin                                                                           │
│ claims                48.0 MB │▏│ server     PostgreSQL 17.4                                                                     │
│ quote                 20.0 GB │▏│ databases  3                                                                                   │
╰───────────────────────────────╯▏│ total size 31.0 GB                                                                             │
╭─ [3] Snapshots (1) ───────────╮▏│ checked    just now                                                                            │
│   08-27 2╭────────────────────────────────────────────────────────────────────────────────────────────────────────────╮          │
╰──────────│ Prune snapshots                                                                                            │          │
╭─ [4] Rest│                                                                                                            │          │
│          │ Retention: 2 daily, 0 weekly, 0 monthly. An incomplete snapshot is never kept, and the newest always is.   │          │
╰──────────│                                                                                                            │          │
╭─ [5] Sets│ ▸ Connection   ‹ all ›  (1/5)                                                                              │          │
│ claims   │   Delete them  no                                                                                          │          │
╰──────────│ ← → to change                                                                                              │          │
╭─ [6] Runs│   ↑↓ field · ←→ change · enter prune · esc cancel                                                          │          │
│ nothing r╰────────────────────────────────────────────────────────────────────────────────────────────────────────────╯          │
╰───────────────────────────────╯▏│                                                                                                │
                                 ▏│                                                                                                │
                                 ▏│                                                                                                │
                                 ▏│                                                                                                │
                                 ▏│                                                                                                │
                                 ▏│                                                                                                │
                                 ▏│                                                                                                │
                                 ▏│                                                                                                │
                                 ▏│                                                                                                │
                                 ▏│                                                                                                │
                                 ▏│                                                                                                │
                                 ▏│                                                                                                │
                                 ▏╰────────────────────────────────────────────────────────────────────────────────────────────────╯
