pgctl  pgctl.yaml
╭─ [1] Connections (4) ─────────╮▏╭────────────────────────────────────────────────────────────────────────────────────────────────╮
│ ● prd               protected │▏│ ‹ Manifest · Tables · Warnings · Drift ›                                                       │
│ ● qat                 guarded │▏│                                                                                                │
│ ● local                       │▏│ prd/product-development/20260828T030000Z                                                       │
│ ✗ scratch                     │▏│                                                                                                │
╰───────────────────────────────╯▏│ taken       2026-08-27 22:00  14h ago                                                          │
╭─ [2] Databases (3) ───────────╮▏│ took        3:22                                                                               │
│ product-development   11.0 GB │▏│ size        1.9 GB                                                                             │
│ claims                48.0 MB │▏│ tables      3                                                                                  │
│ quote                 20.0 GB │▏│ where       local                                                                              │
╰───────────────────────────────╯▏│ server      PostgreSQL    pg_dump                                                              │
╭─ [3] Snapshots (1) ───────────╮▏│ compression zstd:3   4 jobs                                                                    │
│   08-27 22:00        1.9 GB l │▏│ source size 20.2 GB                                                                            │
╰──────────╭────────────────────────────────────────────────────────────────────────────────────────────────────────────╮          │
╭─ [4] Sets│ Delete prd/product-development/20260828T030000Z                                                            │          │
│ claims   │                                                                                                            │          │
╰──────────│ Removes 1.9 GB from local. This cannot be undone.                                                          │          │
╭─ [5] Runs│                                                                                                            │          │
│ nothing r│ ▸ Yes, delete it  no                                                                                       │          │
╰──────────│ space toggles                                                                                              │          │
           │   space toggle · enter delete it · esc cancel                                                              │          │
           ╰────────────────────────────────────────────────────────────────────────────────────────────────────────────╯          │
                                 ▏│                                                                                                │
                                 ▏│                                                                                                │
                                 ▏│                                                                                                │
                                 ▏│                                                                                                │
                                 ▏│                                                                                                │
                                 ▏│                                                                                                │
                                 ▏│                                                                                                │
                                 ▏│                                                                                                │
                                 ▏│                                                                                                │
                                 ▏│                                                                                                │
                                 ▏│                                                                                                │
                                 ▏│                                                                                                │
                                 ▏╰────────────────────────────────────────────────────────────────────────────────────────────────╯
