pgctl  pgctl.yaml
╭─ [1] Connections (4) ─────────╮▏╭────────────────────────────────────────────────────────────────────────────────────────────────╮
│ ● prd               protected │▏│ ‹ Overview · Config ›                                                                          │
│ ● qat                 guarded │▏│                                                                                                │
│ ● local                       │▏│ prd                                                                                            │
│ ✗ scratch                     │▏│ protected — never a target                                                                     │
╰───────────────────────────────╯▏│                                                                                                │
╭─ [2] Databases (3) ───────────╮▏│ host       prd.example:5432                                                                    │
│ product-development   11.0 GB │▏│ user       mbpiadmin                                                                           │
│ claims                48.0 MB │▏│ server     PostgreSQL 17.4                                                                     │
│ quote    ╭────────────────────────────────────────────────────────────────────────────────────────────────────────────╮          │
╰──────────│ Take a snapshot of prd                                                                                     │          │
╭─ [3] Snap│                                                                                                            │          │
│   08-27 2│ Reads the chosen databases and writes a compressed copy. Nothing is written to prd. Choose where they go:  │          │
╰──────────│ keeping them here, sending them away, or both.                                                             │          │
╭─ [4] Rest│                                                                                                            │          │
│          │   Databases      2 of 3                                                                                    │          │
╰──────────│   ●   product-development                                                                                  │          │
╭─ [5] Sets│ ▸ ●   claims                                                                                               │          │
│ claims   │   ○   quote                                                                                                │          │
╰──────────│   Where it goes  nothing chosen yet                                                                        │          │
╭─ [6] Runs│   ○   local           keep it on this machine, in .pgctl/snapshots                                         │          │
│ nothing r│   ○   snapshots       upload it to the pg-snapshots container                                              │          │
╰──────────│ product-development, claims — one snapshot set, one timestamp                                              │          │
           │   ↑↓ move · space choose · a all · tab field · enter take it · esc cancel                                  │          │
           ╰────────────────────────────────────────────────────────────────────────────────────────────────────────────╯          │
                                 ▏│                                                                                                │
                                 ▏│                                                                                                │
                                 ▏│                                                                                                │
                                 ▏│                                                                                                │
                                 ▏│                                                                                                │
                                 ▏│                                                                                                │
                                 ▏│                                                                                                │
                                 ▏│                                                                                                │
                                 ▏│                                                                                                │
                                 ▏╰────────────────────────────────────────────────────────────────────────────────────────────────╯
