pgctl  pgctl.yaml
╭─ [1] Connections (4) ─────────╮▏╭────────────────────────────────────────────────────────────────────────────────────────────────╮
│ ● prd               protected │▏│ ‹ Manifest · Tables · Warnings · Drift ›                                                       │
│ ● qat                 guarded │▏│                                                                                                │
│ ● local                       │▏│ prd/product-development/20260828T030000Z                                                       │
│ ✗ scratch                     │▏│                                                                                                │
╰───────────────────────────────╯▏│ taken       2026-08-27 22:00  14h ago                                                          │
╭─ [2] Databases (3) ───────────╮▏│ took        3:22                                                                               │
│ product-development   11.0 GB │▏│ size        1.9 GB                                                                             │
│ claims                48.0 MB │▏│ tables      3                                                                                  │
│ quote                 20.0 GB │▏│ where       local                                                                              │
╰───────────────────────────────╯▏│ server      PostgreSQL    pg_dump                                                              │
╭─ [3] Snap╭────────────────────────────────────────────────────────────────────────────────────────────────────────────╮          │
│   08-27 2│ Apply prd/product-development/20260828T030000Z                                                             │          │
╰──────────│                                                                                                            │          │
╭─ [4] Sets│ Replaces data on the target. The plan is shown before anything is touched.                                 │          │
│ claims   │                                                                                                            │          │
╰──────────│   Target                  ‹ qat  (guarded — needs its name typed) ›  (1/3)                                 │          │
╭─ [5] Runs│   Scope                   ‹ set claims — claims and everything a claim points at ›  (2/3)                  │          │
│ nothing r│   Tables                  nothing yet                                                                      │          │
╰──────────│   Widen to closure        no                                                                               │          │
           │ ▸ Type the target's name  qa                                                                               │          │
           │ a guarded target needs its name in full                                                                    │          │
           │   ↑↓ field · type · enter plan it · esc cancel                                                             │          │
           ╰────────────────────────────────────────────────────────────────────────────────────────────────────────────╯          │
                                 ▏│                                                                                                │
                                 ▏│                                                                                                │
                                 ▏│                                                                                                │
                                 ▏│                                                                                                │
                                 ▏│                                                                                                │
                                 ▏│                                                                                                │
                                 ▏│                                                                                                │
                                 ▏│                                                                                                │
                                 ▏│                                                                                                │
                                 ▏│                                                                                                │
                                 ▏╰────────────────────────────────────────────────────────────────────────────────────────────────╯
