pgctl  pgctl.yaml
╭─ 1 Connections (3) ───────────╮ ╭────────────────────────────────────────────────────────────────────────────────────────────────╮
│ ● prd       protected         │ │ ‹ Overview · Databases · Config ›                                                              │
│ ● qat       guarded           │ │                                                                                                │
│ ✗ scratch                     │ │ prd                                                                                            │
╰───────────────────────────────╯ │ protected — never a target                                                                     │
╭─ 2 Databases (3) ─────────────╮ │                                                                                                │
│ product-development  11.0 GB  │ │ host       prd.example:5432                                                                    │
│ claims               48.0 MB  │ │ user       mbpiadmin                                                                           │
│ quote                20.0 GB  │ │ server     PostgreSQL 17.4                                                                     │
╰───────────────────────────────╯ │ databases  3                                                                                   │
╭─ 3 Snapshots (1) ─────────────╮ │ total size 31.0 GB                                                                             │
│ 08-27 22:╭────────────────────────────────────────────────────────────────────────────────────────────────────────────╮          │
╰──────────│                                                                                                            │          │
╭─ 4 Sets (│ Take a snapshot                                                                                            │          │
│ claims 2+│ Reads the chosen databases and writes a compressed copy. Nothing is written to the source.                 │          │
╰──────────│                                                                                                            │          │
╭─ 5 Runs ─│ ▸ Connection            ‹ prd  PostgreSQL 17.4, 3 databases ›  (1/3)                                       │          │
│ nothing r│     ← → to change                                                                                          │          │
╰──────────│   Databases             ○ claims  ● product-development  ○ quote   1 of 3                                  │          │
           │   Upload to storage     —                                                                                  │          │
           │     storage.kind is local — there is nowhere to upload to                                                  │          │
           │                                                                                                            │          │
           │                                                                                                            │          │
           ╰────────────────────────────────────────────────────────────────────────────────────────────────────────────╯          │
                                  │                                                                                                │
                                  │                                                                                                │
                                  │                                                                                                │
                                  │                                                                                                │
                                  │                                                                                                │
                                  │                                                                                                │
                                  │                                                                                                │
                                  │                                                                                                │
                                  │                                                                                                │
                                  │                                                                                                │
                                  ╰────────────────────────────────────────────────────────────────────────────────────────────────╯
← → change  ·  ↑↓ fields  ·  enter run  ·  esc cancel