pgctl  pgctl.yaml
╭─ 1 Connections (3) ───────────╮▏╭────────────────────────────────────────────────────────────────────────────────────────────────╮
│ ● prd               protected │▏│ ‹ Overview · Databases · Config ›                                                              │
│ ● qat                 guarded │▏│                                                                                                │
│ ✗ scratch                     │▏│ prd                                                                                            │
╰───────────────────────────────╯▏│ protected — never a target                                                                     │
╭─ 2 Databases (3) ─────────────╮▏│                                                                                                │
│ product-development   11.0 GB │▏│ host       prd.example:5432                                                                    │
│ claims                48.0 MB │▏│ user       mbpiadmin                                                                           │
│ quote                 20.0 GB │▏│ server     PostgreSQL 17.4                                                                     │
╰───────────────────────────────╯▏│ databases  3                                                                                   │
╭─ 3 Snapshots (1) ─────────────╮▏│ total size 31.0 GB                                                                             │
│   08-27 2╭────────────────────────────────────────────────────────────────────────────────────────────────────────────╮          │
╰──────────│ Take a snapshot of prd/product-development                                                                 │          │
╭─ 4 Sets (│                                                                                                            │          │
│ claims   │ Reads product-development and writes a compressed copy. Nothing is written to prd. Choose where it goes:   │          │
╰──────────│ keeping it here, sending it away, or both.                                                                 │          │
╭─ 5 Runs ─│                                                                                                            │          │
│ nothing r│   Where it goes  1 of 2                                                                                    │          │
╰──────────│   ○   local           keep it on this machine, in .pgctl/snapshots                                         │          │
           │ ▸ ●   snapshots       upload it to the pg-snapshots container                                              │          │
           │ uploaded, and then the copy here is deleted                                                                │          │
           │   ↑↓ move · space choose · a all · enter take it · esc cancel                                              │          │
           ╰────────────────────────────────────────────────────────────────────────────────────────────────────────────╯          │
                                 ▏│                                                                                                │
                                 ▏│                                                                                                │
                                 ▏│                                                                                                │
                                 ▏│                                                                                                │
                                 ▏│                                                                                                │
                                 ▏│                                                                                                │
                                 ▏│                                                                                                │
                                 ▏│                                                                                                │
                                 ▏│                                                                                                │
                                 ▏│                                                                                                │
                                 ▏│                                                                                                │
                                 ▏╰────────────────────────────────────────────────────────────────────────────────────────────────╯
