pgctl  pgctl.yaml
╭─ 1 Connections (3) ───────────╮▏╭────────────────────────────────────────────────────────────────────────────────────────────────╮
│ ● prd               protected │▏│ ‹ Overview · Config ›                                                                          │
│ ● qat                 guarded │▏│                                                                                                │
│ ✗ scratch                     │▏│ prd                                                                                            │
╰───────────────────────────────╯▏│ protected — never a target                                                                     │
╭─ 2 Databases (3) ─────────────╮▏│                                                                                                │
│ product-development   11.0 GB │▏│ host       prd.example:5432                                                                    │
│ claims                48.0 MB │▏│ user       mbpiadmin                                                                           │
│ quote                 20.0 GB │▏│ server     PostgreSQL 17.4                                                                     │
╰──────────╭────────────────────────────────────────────────────────────────────────────────────────────────────────────╮          │
╭─ 3 Snapsh│ Take a snapshot of prd                                                                                     │          │
│   08-27 2│                                                                                                            │          │
╰──────────│ Reads the chosen databases and writes a compressed copy. Nothing is written to prd. Choose where they go:  │          │
╭─ 4 Sets (│ keeping them here, sending them away, or both.                                                             │          │
│ claims   │                                                                                                            │          │
╰──────────│   Databases      2 of 3                                                                                    │          │
╭─ 5 Runs ─│   ●   product-development                                                                                  │          │
│ nothing r│ ▸ ●   claims                                                                                               │          │
╰──────────│   ○   quote                                                                                                │          │
           │   Where it goes  nothing chosen yet                                                                        │          │
           │   ○   local           keep it on this machine, in .pgctl/snapshots                                         │          │
           │   ○   snapshots       upload it to the pg-snapshots container                                              │          │
           │ product-development, claims — one snapshot set, one timestamp                                              │          │
           │   ↑↓ move · space choose · a all · tab field · enter take it · esc cancel                                  │          │
           ╰────────────────────────────────────────────────────────────────────────────────────────────────────────────╯          │
                                 ▏│                                                                                                │
                                 ▏│                                                                                                │
                                 ▏│                                                                                                │
                                 ▏│                                                                                                │
                                 ▏│                                                                                                │
                                 ▏│                                                                                                │
                                 ▏│                                                                                                │
                                 ▏│                                                                                                │
                                 ▏│                                                                                                │
                                 ▏╰────────────────────────────────────────────────────────────────────────────────────────────────╯
