pgctl  pgctl.yaml
╭─ 1 Connections (3) ───────────╮ ╭────────────────────────────────────────────────────────────────────────────────────────────────╮
│ ● prd       protected         │ │ ‹ Overview · Databases · Config ›                                                              │
│ ● qat       guarded           │ │                                                                                                │
│ ✗ scratch                     │ │ prd                                                                                            │
╰───────────────────────────────╯ │ protected — never a target                                                                     │
╭─ 2 Databases (3) ─────────────╮ │                                                                                                │
│ product-development  11.0 GB  │ │ host       prd.example:5432                                                                    │
│ claims               48.0 MB  │ │ user       mbpiadmin                                                                           │
│ quote                20.0 GB  │ │ server     PostgreSQL 17.4                                                                     │
╰──────────╭────────────────────────────────────────────────────────────────────────────────────────────────────────────╮          │
╭─ 3 Snapsh│ Move prd into another environment                                                                          │          │
│ 08-27 22:│ Takes a snapshot into a temporary directory, applies it, and deletes it. Nothing is catalogued or          │          │
╰──────────│ uploaded, and nothing is written to prd.                                                                   │          │
╭─ 4 Sets (│                                                                                                            │          │
│ claims 2+│ ▸ To                        ‹ qat  (guarded — needs its name typed) ›  (1/2)                               │          │
╰──────────│   Databases                 1 of 3                                                                         │          │
╭─ 5 Runs ─│     ○ claims                                                                                               │          │
│ nothing r│     ● product-development                                                                                  │          │
╰──────────│     ○ quote                                                                                                │          │
           │                                                                                                       3/3  │          │
           │   Keep the staged snapshot  no                                                                             │          │
           │                                                                                                            │          │
           │ ← → to change                                                                                              │          │
           │ ← → change · ↑↓ fields · enter run · esc cancel                                                            │          │
           ╰────────────────────────────────────────────────────────────────────────────────────────────────────────────╯          │
                                  │                                                                                                │
                                  │                                                                                                │
                                  │                                                                                                │
                                  │                                                                                                │
                                  │                                                                                                │
                                  │                                                                                                │
                                  │                                                                                                │
                                  │                                                                                                │
                                  │                                                                                                │
                                  ╰────────────────────────────────────────────────────────────────────────────────────────────────╯
