pgctl  pgctl.yaml
╭─ [1] Connections (4) ─────────╮▏╭────────────────────────────────────────────────────────────────────────────────────────────────╮
│ ● prd               protected │▏│ ‹ Overview · Config ›                                                                          │
│ ● qat                 guarded │▏│                                                                                                │
│ ● local                       │▏│ prd                                                                                            │
│ ✗ scratch                     │▏│ protected — never a target                                                                     │
╰───────────────────────────────╯▏│                                                                                                │
╭─ [2] Databases (3) ───────────╮▏│ host       prd.example:5432                                                                    │
│ product-development   11.0 GB │▏│ user       mbpiadmin                                                                           │
│ claims   ╭────────────────────────────────────────────────────────────────────────────────────────────────────────────╮          │
│ quote    │ Take a snapshot of prd                                                                                     │          │
╰──────────│                                                                                                            │          │
╭─ [3] Snap│ Reads the chosen databases and writes a compressed copy. Nothing is written to prd. Choose where they go:  │          │
│   08-27 2│ keeping them here, sending them away, or both.                                                             │          │
╰──────────│                                                                                                            │          │
╭─ [4] Sets│  choose at least one destination — space chooses, and more than one is fine                                │          │
│ claims   │                                                                                                            │          │
╰──────────│   Databases      1 of 3                                                                                    │          │
╭─ [5] Runs│ ▸ ●   product-development                                                                                  │          │
│ nothing r│   ○   claims                                                                                               │          │
╰──────────│   ○   quote                                                                                                │          │
           │   Where it goes  nothing chosen yet                                                                        │          │
           │   ○   local           keep it on this machine, in .pgctl/snapshots                                         │          │
           │   ○   snapshots       upload it to the pg-snapshots container                                              │          │
           │ product-development alone                                                                                  │          │
           │   ↑↓ move · space choose · a all · tab field · enter take it · esc cancel                                  │          │
           ╰────────────────────────────────────────────────────────────────────────────────────────────────────────────╯          │
                                 ▏│                                                                                                │
                                 ▏│                                                                                                │
                                 ▏│                                                                                                │
                                 ▏│                                                                                                │
                                 ▏│                                                                                                │
                                 ▏│                                                                                                │
                                 ▏│                                                                                                │
                                 ▏│                                                                                                │
                                 ▏╰────────────────────────────────────────────────────────────────────────────────────────────────╯
