pgctl  pgctl.yaml
╭─ [1] Connections (4) ─────────╮▏╭────────────────────────────────────────────────────────────────────────────────────────────────╮
│ ● prd               protected │▏│ ‹ Manifest · Tables · Warnings · Drift ›                                                       │
│ ● qat                 guarded │▏│                                                                                                │
│ ● local                       │▏│ prd/20260828T030000Z                                                                           │
│ ✗ scratch                     │▏│                                                                                                │
╰───────────────────────────────╯▏│ taken       2026-08-27 22:00  14h ago                                                          │
╭─ [2] Databases (3) ───────────╮▏│ from        prd                                                                                │
│ product-development   11.0 GB │▏│ state       complete                                                                           │
│ claims                48.0 MB │▏│ databases   1                                                                                  │
│ quote    ╭────────────────────────────────────────────────────────────────────────────────────────────────────────────╮          │
╰──────────│ Apply prd/20260828T030000Z                                                                                 │          │
╭─ [3] Snap│                                                                                                            │          │
│   08-27 2│ Replaces data on the target, one database at a time. 1 database taken 14h ago. The plan is shown before    │          │
╰──────────│ anything is touched.                                                                                       │          │
╭─ [4] Rest│                                                                                                            │          │
│          │   Target                  ‹ qat  (guarded — needs its name typed) ›  (1/3)                                 │          │
╰──────────│   Databases               all 1                                                                            │          │
╭─ [5] Sets│   ●   product-development                                                                                  │          │
│ claims   │   Scope                   ‹ set claims — claims and everything a claim points at ›  (2/3)                  │          │
╰──────────│   Tables                  nothing yet                                                                      │          │
╭─ [6] Runs│   Widen to closure        no                                                                               │          │
│ nothing r│ ▸ Type the target's name  qa                                                                               │          │
╰──────────│ a guarded target needs its name in full                                                                    │          │
           │   ↑↓ field · type · enter plan it · esc cancel                                                             │          │
           ╰────────────────────────────────────────────────────────────────────────────────────────────────────────────╯          │
                                 ▏│                                                                                                │
                                 ▏│                                                                                                │
                                 ▏│                                                                                                │
                                 ▏│                                                                                                │
                                 ▏│                                                                                                │
                                 ▏│                                                                                                │
                                 ▏│                                                                                                │
                                 ▏│                                                                                                │
                                 ▏│                                                                                                │
                                 ▏╰────────────────────────────────────────────────────────────────────────────────────────────────╯
