pgctl  pgctl.yaml
╭─ [1] Connections (4) ─────────╮▏╭────────────────────────────────────────────────────────────────────────────────────────────────╮
│ ● prd               protected │▏│ ‹ Manifest · Tables · Warnings · Drift ›                                                       │
│ ● qat                 guarded │▏│                                                                                                │
│ ● local                       │▏│ prd/20260828T030000Z                                                                           │
│ ✗ scratch                     │▏│                                                                                                │
╰───────────────────────────────╯▏│ taken       2026-08-27 22:00  14h ago                                                          │
╭─ [2] Databases (3) ───────────╮▏│ from        prd                                                                                │
│ product-development   11.0 GB │▏│ state       complete                                                                           │
│ claims                48.0 MB │▏│ databases   1                                                                                  │
│ quote                 20.0 GB │▏│ size        1.9 GB                                                                             │
╰───────────────────────────────╯▏│ tables      3                                                                                  │
╭─ [3] Snapshots (1) ───────────╮▏│ where       local                                                                              │
│   08-27 22:00      1db 1.9 GB │▏│ server      PostgreSQL    pg_dump                                                              │
╰──────────╭────────────────────────────────────────────────────────────────────────────────────────────────────────────╮          │
╭─ [4] Rest│ Delete prd/20260828T030000Z                                                                                │          │
│          │                                                                                                            │          │
╰──────────│ Removes 1.9 GB of 1 database from local. This cannot be undone.                                            │          │
╭─ [5] Sets│                                                                                                            │          │
│ claims   │ ▸ Yes, delete it  no                                                                                       │          │
╰──────────│ space toggles                                                                                              │          │
╭─ [6] Runs│   space toggle · enter delete it · esc cancel                                                              │          │
│ nothing r╰────────────────────────────────────────────────────────────────────────────────────────────────────────────╯          │
╰───────────────────────────────╯▏│   product-development 1.9 GB  3 tables                                                         │
                                 ▏│                                                                                                │
                                 ▏│ ! 1 warning — see the Warnings tab                                                             │
                                 ▏│                                                                                                │
                                 ▏│                                                                                                │
                                 ▏│                                                                                                │
                                 ▏│                                                                                                │
                                 ▏│                                                                                                │
                                 ▏│                                                                                                │
                                 ▏│                                                                                                │
                                 ▏│                                                                                                │
                                 ▏│                                                                                                │
                                 ▏╰────────────────────────────────────────────────────────────────────────────────────────────────╯
