pgctl  pgctl.yaml
╭─ [1] Connections (4) ─────────╮▏╭────────────────────────────────────────────────╭──────────────────────────────────────────────╮╮
│ ● prd               protected │▏│ ‹ Overview · Config ›                          │refused                                       ││
│ ● qat                 guarded │▏│                                                │                                              ││
│ ● local                       │▏│ scratch                                        │scratch is unreachable, so there is no        ││
│ ✗ scratch                     │▏│                                                │database to act on: dial tcp 127.0.0.1:5432:  ││
╰───────────────────────────────╯▏│ CANNOT REACH SCRATCH                           │connect: connection refused                   ││
╭─ [2] Databases ───────────────╮▏│   dial tcp 127.0.0.1:5432: connect: connection │                                              ││
│ unreachable                   │▏│                                                │esc dismiss                                   ││
╰───────────────────────────────╯▏│ r retries. A secrets file that will not decrypt╰──────────────────────────────────────────────╯│
╭─ [3] Snapshots ───────────────╮▏│ address, and a stopped server all look the same from here.                                     │
│ none on scratch — press n     │▏│                                                                                                │
╰───────────────────────────────╯▏│                                                                                                │
╭─ [4] Restorable (1) ──────────╮▏│                                                                                                │
│   prd                         │▏│                                                                                                │
│     08-28 03:00    1db 1.9 GB │▏│                                                                                                │
╰───────────────────────────────╯▏│                                                                                                │
╭─ [5] Sets (1) ────────────────╮▏│                                                                                                │
│ claims                      ? │▏│                                                                                                │
╰───────────────────────────────╯▏│                                                                                                │
╭─ [6] Runs ────────────────────╮▏│                                                                                                │
│ nothing run yet               │▏│                                                                                                │
╰───────────────────────────────╯▏│                                                                                                │
                                 ▏│                                                                                                │
                                 ▏│                                                                                                │
                                 ▏│                                                                                                │
                                 ▏│                                                                                                │
                                 ▏│                                                                                                │
                                 ▏│                                                                                                │
                                 ▏│                                                                                                │
                                 ▏│                                                                                                │
                                 ▏│                                                                                                │
                                 ▏│                                                                                                │
                                 ▏│                                                                                                │
                                 ▏│                                                                                                │
                                 ▏╰────────────────────────────────────────────────────────────────────────────────────────────────╯
n snapshot · a apply · m move · p prune · / filter · [ ] tabs · ctrl+p commands · ? keys                                      v0.3.0