pgctl  pgctl.yaml
╭─ [1] Connections (4) ─────────╮▏╭────────────────────────────────────────────────────────────────────────────────────────────────╮
│ ● prd               protected │▏│ ‹ Overview · Config ›                                                                          │
│ ● qat                 guarded │▏│                                                                                                │
│ ● local                       │▏│ prd                                                                                            │
│ ✗ scratch                     │▏│ protected — never a target                                                                     │
╰───────────────────────────────╯▏│                                                                                                │
╭─ [2] Databases (3) ───────────╮▏│ host       prd.example:5432                                                                    │
│ product-development   11.0 GB │▏│ user       mbpiadmin                                                                           │
│ claims                48.0 MB │▏│ server     PostgreSQL 17.4                                                                     │
│ quote                 20.0 GB │▏│ databases  3                                                                                   │
╰───────────────────────────────╯▏│ total size 31.0 GB                                                                             │
╭─ [3] Snapshots (1) ───────────╮▏│ checked    just now                                                                            │
│   08-27 22:00      1db 1.9 GB │▏╭──────────────────────────────────────────────────────────────╮                                 │
╰───────────────────────────────╯▏│Leave while apply → qat is running?                           │                                 │
╭─ [4] Restorable ──────────────╮▏│                                                              │                                 │
│                               │▏│It is cancelled rather than abandoned, so the engine's        │                                 │
╰───────────────────────────────╯▏│onFailure and postApply hooks still run — they are what       │                                 │
╭─ [5] Sets (1) ────────────────╮▏│bring an environment back up. Anything already written stays  │                                 │
│ claims                    2+2 │▏│written.                                                      │                                 │
╰───────────────────────────────╯▏│                                                              │                                 │
╭─ [6] Runs (2) ────────────────╮▏│y cancel it and leave · esc stay                              │                                 │
│ ⠋ apply → qat            1:41 │▏╰──────────────────────────────────────────────────────────────╯                                 │
│ ✓ snapshot prd           3:22 │▏│                                                                                                │
╰───────────────────────────────╯▏│                                                                                                │
                                 ▏│                                                                                                │
                                 ▏│                                                                                                │
                                 ▏│                                                                                                │
                                 ▏│                                                                                                │
                                 ▏│                                                                                                │
                                 ▏│                                                                                                │
                                 ▏│                                                                                                │
                                 ▏│                                                                                                │
                                 ▏│                                                                                                │
                                 ▏│                                                                                                │
                                 ▏╰────────────────────────────────────────────────────────────────────────────────────────────────╯
q stop and leave · ] log · ? keys