pgctl  pgctl.yaml
╭─ [1] Connections (4) ─────────╮▏╭────────────────────────────────────────────────────────────────────────────────────────────────╮
│ ● prd               protected │▏│ ‹ Steps · Log ›                                                                                │
│ ● qat                 guarded │▏│                                                                                                │
│ ● local                       │▏│ snapshot prd  Copying product-development from prd. Nothing is written to prd.        3:22  ok │
│ ✗ scratch                     │▏│   16:56:00 product-development  pg_dump --format=directory --jobs=4                            │
╰───────────────────────────────╯▏│   16:56:30 product-development  claims.policy_claim  180 MB                                    │
╭─ [2] Databases (3) ───────────╮▏│   16:58:30 product-development  1 table has a row filter                                       │
│ product-development   11.0 GB │▏│   16:58:32 product-development  quotes.quote  4,200 rows                                       │
│ claims                48.0 MB │▏│   16:58:40 product-development  rule "operations.gone" matches no table in this database       │
│ quote                 20.0 GB │▏│   16:58:50 product-development  prd/product-development/… to azure blob                        │
╰───────────────────────────────╯▏│   16:59:00 claims               pg_dump --format=directory --jobs=4                            │
╭─ [3] Snapshots (1) ───────────╮▏│   16:59:15 claims               prd/claims/… to azure blob                                     │
│   08-28 03:00      1db 1.9 GB │▏│   16:59:22 claims               snapshot complete                                              │
╰───────────────────────────────╯▏│                                                                                                │
╭─ [4] Restorable ──────────────╮▏│                                                                                                │
│                               │▏│                                                                                                │
╰───────────────────────────────╯▏│                                                                                                │
╭─ [5] Sets (1) ────────────────╮▏│                                                                                                │
│ claims                    2+2 │▏│                                                                                                │
╰───────────────────────────────╯▏│                                                                                                │
╭─ [6] Runs (2) ────────────────╮▏│                                                                                                │
│ ⠋ apply → qat            1:41 │▏│                                                                                                │
│ ✓ snapshot prd           3:22 │▏│                                                                                                │
╰───────────────────────────────╯▏│                                                                                                │
                                 ▏│                                                                                                │
                                 ▏│                                                                                                │
                                 ▏│                                                                                                │
                                 ▏│                                                                                                │
                                 ▏│                                                                                                │
                                 ▏│                                                                                                │
                                 ▏│                                                                                                │
                                 ▏│                                                                                                │
                                 ▏│                                                                                                │
                                 ▏│                                                                                     following  │
                                 ▏╰────────────────────────────────────────────────────────────────────────────────────────────────╯
q stop and leave · ] log · ? keys