pgctl  pgctl.yaml
╭─ [1] Connections (4) ─────────╮▏╭────────────────────────────────────────────────────────────────────────────────────────────────╮
│ ● prd               protected │▏│ ‹ Steps · Log ›                                                                                │
│ ● qat                 guarded │▏│                                                                                                │
│ ● local                       │▏│ apply → qat  Replacing 38 tables on qat with the contents of prd/product-development/20260828T │
│ ✗ scratch                     │▏│ [────·········································································] 2 of 38 tables │
╰───────────────────────────────╯▏│   ✓ drop constraints  81 foreign keys, 31 indexes                                        0:10  │
╭─ [2] Databases (3) ───────────╮▏│   ✓ disable triggers  111 user triggers on 33 tables                                     0:10  │
│ product-development   11.0 GB │▏│   ✓ truncate  children before parents                                                    0:10  │
│ claims                48.0 MB │▏│   ⠋ load  504 MB of 1.9 GB                                                               1:50  │
│ quote                 20.0 GB │▏│                                                                                                │
╰───────────────────────────────╯▏│   running…                                                                                     │
╭─ [3] Snapshots (1) ───────────╮▏│                                                                                                │
│   08-28 03:00      1db 1.9 GB │▏│                                                                                                │
╰───────────────────────────────╯▏│                                                                                                │
╭─ [4] Restorable ──────────────╮▏│                                                                                                │
│                               │▏│                                                                                                │
╰───────────────────────────────╯▏│                                                                                                │
╭─ [5] Sets (1) ────────────────╮▏│                                                                                                │
│ claims                    2+2 │▏│                                                                                                │
╰───────────────────────────────╯▏│                                                                                                │
╭─ [6] Runs (2) ────────────────╮▏│                                                                                                │
│ ⠋ apply → qat            1:41 │▏│                                                                                                │
│ ✓ snapshot prd           3:22 │▏│                                                                                                │
╰───────────────────────────────╯▏│                                                                                                │
                                 ▏│                                                                                                │
                                 ▏│                                                                                                │
                                 ▏│                                                                                                │
                                 ▏│                                                                                                │
                                 ▏│                                                                                                │
                                 ▏│                                                                                                │
                                 ▏│                                                                                                │
                                 ▏│                                                                                                │
                                 ▏│                                                                                                │
                                 ▏│                                                                                                │
                                 ▏╰────────────────────────────────────────────────────────────────────────────────────────────────╯
q stop and leave · ] log · ? keys                                                                                             v0.3.0