pgctl  pgctl.yaml
╭─ 1 Connections (3) ───────────╮ ╭────────────────────────────────────────────────────────────────────────────────────────────────╮
│ ● prd       protected         │ │ ‹ Log ›                                                                                        │
│ ● qat       guarded           │ │                                                                                                │
│ ✗ scratch                     │ │ Nothing has run yet. n takes a snapshot, a applies one, m moves between environments.          │
│                          3/3  │ │                                                                                                │
╰───────────────────────────────╯ │                                                                                                │
╭─ 2 Databases (3) ─────────────╮ │                                                                                                │
│ product-development  11.0 GB  │ │                                                                                                │
│ claims               48.0 MB  │ │                                                                                                │
│ quote                20.0 GB  │ │                                                                                                │
│                          3/3  │ │                                                                                                │
╰───────────────────────────────╯ │                                                                                                │
╭─ 3 Snapshots (1) ─────────────╮ │                                                                                                │
│ 08-27 22:00  1.9 GB l         │ │                                                                                                │
│                          1/1  │ │                                                                                                │
╰───────────────────────────────╯ │                                                                                                │
╭─ 4 Sets (1) ──────────────────╮ │                                                                                                │
│ claims 2+2                    │ │                                                                                                │
│                          1/1  │ │                                                                                                │
╰───────────────────────────────╯ │                                                                                                │
╭─ 5 Runs ──────────────────────╮ │                                                                                                │
│ nothing run yet               │ │                                                                                                │
│                               │ │                                                                                                │
╰───────────────────────────────╯ │                                                                                                │
                                  │                                                                                                │
                                  │                                                                                                │
                                  │                                                                                                │
                                  │                                                                                                │
                                  │                                                                                                │
                                  │                                                                                                │
                                  │                                                                                                │
                                  │                                                                                                │
                                  │                                                                                                │
                                  │                                                                                                │
                                  ╰────────────────────────────────────────────────────────────────────────────────────────────────╯
n snapshot · a apply · m move · p prune · / filter · tab pane · ? keys