pgctl  pgctl.yaml
╭──────────────────────────────╮ ╭─────────────────────────────────────────────────────────────────────────────────────────────────╮
│ 1 Connections (3)            │ │  Members  Closure  Load order                                                                   │
│ ● prd       protected        │ │                                                                                                 │
│ ● qat       guarded          │ │ claims                                                                                          │
│ ✗ scratch                    │ │ claims and everything a claim points at                                                         │
╰──────────────────────────────╯ │                                                                                                 │
╭──────────────────────────────╮ │ patterns       claims.*                                                                         │
│ 2 Databases (3)              │ │ matches        2 tables on prd                                                                  │
│ product-development  11.0 GB │ │ closure        +2 more — see Closure                                                            │
│ claims               48.0 MB │ │                                                                                                 │
│ quote                20.0 GB │ │ MEMBERS                                                                                         │
╰──────────────────────────────╯ │ TABLE                                                                                SIZE       │
╭──────────────────────────────╮ │ claims.policy_claim                                                                  180.0 MB   │
│ 3 Snapshots (1)              │ │ claims.claim_detail                                                                  -          │
│ 08-27 22:00  1.9 GB l        │ │                                                                                                 │
╰──────────────────────────────╯ │                                                                                                 │
╭──────────────────────────────╮ │                                                                                                 │
│ 4 Sets (1)                   │ │                                                                                                 │
│ claims 2+2                   │ │                                                                                                 │
╰──────────────────────────────╯ │                                                                                                 │
╭──────────────────────────────╮ │                                                                                                 │
│ 5 Runs                       │ │                                                                                                 │
│ nothing run yet              │ │                                                                                                 │
╰──────────────────────────────╯ │                                                                                                 │
                                 │                                                                                                 │
                                 │                                                                                                 │
                                 │                                                                                                 │
                                 │                                                                                                 │
                                 │                                                                                                 │
                                 │                                                                                                 │
                                 │                                                                                                 │
                                 │                                                                                                 │
                                 │                                                                                                 │
                                 │                                                                                                 │
                                 │                                                                                                 │
                                 ╰─────────────────────────────────────────────────────────────────────────────────────────────────╯
n snapshot  ·  a apply  ·  m move  ·  p prune  ·  / filter  ·  tab pane  ·  ? keys