pgctl  pgctl.yaml
╭──────────────────────────────╮ ╭─────────────────────────────────────────────────────────────────────────────────────────────────╮
│ 1 Connections (3)            │ │  Manifest  Tables  Warnings  Drift                                                              │
│ ● prd       protected        │ │                                                                                                 │
│ ● qat       guarded          │ │ TABLE                                                        SOURCE SIZE  ROWS     CARRIED      │
│ ✗ scratch                    │ │ audit.logged_actions                                         0 B          -        none         │
╰──────────────────────────────╯ │ claims.policy_claim                                          180.0 MB     483k     all          │
╭──────────────────────────────╮ │ quotes.quote                                                 20.0 GB      147k     4k rows      │
│ 2 Databases (3)              │ │                                                                                                 │
│ product-development  11.0 GB │ │                                                                                                 │
│ claims               48.0 MB │ │                                                                                                 │
│ quote                20.0 GB │ │                                                                                                 │
╰──────────────────────────────╯ │                                                                                                 │
╭──────────────────────────────╮ │                                                                                                 │
│ 3 Snapshots (1)              │ │                                                                                                 │
│ 08-27 22:00  1.9 GB l        │ │                                                                                                 │
╰──────────────────────────────╯ │                                                                                                 │
╭──────────────────────────────╮ │                                                                                                 │
│ 4 Sets (1)                   │ │                                                                                                 │
│ claims 2+2                   │ │                                                                                                 │
╰──────────────────────────────╯ │                                                                                                 │
╭──────────────────────────────╮ │                                                                                                 │
│ 5 Runs                       │ │                                                                                                 │
│ nothing run yet              │ │                                                                                                 │
╰──────────────────────────────╯ │                                                                                                 │
                                 │                                                                                                 │
                                 │                                                                                                 │
                                 │                                                                                                 │
                                 │                                                                                                 │
                                 │                                                                                                 │
                                 │                                                                                                 │
                                 │                                                                                                 │
                                 │                                                                                                 │
                                 │                                                                                                 │
                                 │                                                                                                 │
                                 │                                                                                                 │
                                 ╰─────────────────────────────────────────────────────────────────────────────────────────────────╯
n snapshot · a apply · m move · p prune · x delete · / filter · tab pane · ? keys