pgctl  pgctl.yaml
╭─ [1] Connections (4) ─────────╮▏╭────────────────────────────────────────────────────────────────────────────────────────────────╮
│ ● prd               protected │▏│ ‹ Manifest · Tables · Warnings · Drift ›                                                       │
│ ● qat                 guarded │▏│                                                                                                │
│ ● local                       │▏│ prd/20260828T030000Z                                                                           │
│ ✗ scratch                     │▏│                                                                                                │
╰───────────────────────────────╯▏│ taken       2026-08-28 03:00  14h ago                                                          │
╭─ [2] Databases (3) ───────────╮▏│ from        prd                                                                                │
│ product-development   11.0 GB │▏│ state       complete                                                                           │
│ claims                48.0 MB │▏│ databases   1                                                                                  │
│ quote                 20.0 GB │▏│ size        1.9 GB                                                                             │
╰───────────────────────────────╯▏│ tables      3                                                                                  │
╭─ [3] Snapshots (2) ───────────╮▏│ where       local                                                                              │
│   08-28 03:00      1db 1.9 GB │▏│ server      PostgreSQL    pg_dump                                                              │
│   08-28 01:00    2db 934.0 MB │▏│ compression zstd:3   4 jobs                                                                    │
╰───────────────────────────────╯▏│ source size 20.2 GB                                                                            │
╭─ [4] Restorable ──────────────╮▏│                                                                                                │
│                               │▏│ CONTENTS                                                                                       │
╰───────────────────────────────╯▏│   whole    1                                                                                   │
╭─ [5] Sets (1) ────────────────╮▏│   filtered 1                                                                                   │
│ claims                    2+2 │▏│   no data  1                                                                                   │
╰───────────────────────────────╯▏│                                                                                                │
╭─ [6] Runs ────────────────────╮▏│ DATABASES                                                                                      │
│ nothing run yet               │▏│   product-development 1.9 GB  3 tables                                                         │
╰───────────────────────────────╯▏│                                                                                                │
                                 ▏│ ! 1 warning — see the Warnings tab                                                             │
                                 ▏│                                                                                                │
                                 ▏│                                                                                                │
                                 ▏│                                                                                                │
                                 ▏│                                                                                                │
                                 ▏│                                                                                                │
                                 ▏│                                                                                                │
                                 ▏│                                                                                                │
                                 ▏│                                                                                                │
                                 ▏│                                                                                                │
                                 ▏╰────────────────────────────────────────────────────────────────────────────────────────────────╯
n snapshot · a apply · m move · p prune · x delete · / filter · [ ] tabs · ctrl+p commands · ? keys                           v0.3.0