pgctl  pgctl.yaml
╭─ [1] Connections (4) ─────────╮▏╭────────────────────────────────────────────────────────────────────────────────────────────────╮
│ ● prd               protected │▏│ ‹ Manifest · Tables · Warnings · Drift ›                                                       │
│ ● qat                 guarded │▏│                                                                                                │
│ ● local                       │▏│ prd/product-development/20260828T030000Z                                                       │
│ ✗ scratch                     │▏│                                                                                                │
╰───────────────────────────────╯▏│ taken       2026-08-27 22:00  14h ago                                                          │
╭─ [2] Databases (3) ───────────╮▏│ took        3:22                                                                               │
│ product-development   11.0 GB │▏│ size        1.9 GB                                                                             │
│ claims                48.0 MB │▏│ tables      3                                                                                  │
│ quote                 20.0 GB │▏│ where       local                                                                              │
╰───────────────────────────────╯▏│ server      PostgreSQL    pg_dump                                                              │
╭─ [3] Snapshots (3) ───────────╮▏│ compression zstd:3   4 jobs                                                                    │
│   product-development         │▏│ source size 20.2 GB                                                                            │
│     08-27 22:00      1.9 GB l │▏│                                                                                                │
│   hasura                      │▏│ CONTENTS                                                                                       │
│     08-27 20:00  467.0 MB l+r │▏│   whole        1                                                                               │
│   ory                         │▏│   filtered     1                                                                               │
│     08-27 20:00  467.0 MB l+r │▏│   no data      1                                                                               │
╰───────────────────────────────╯▏│   foreign keys 0                                                                               │
╭─ [4] Sets (1) ────────────────╮▏│                                                                                                │
│ claims                    2+2 │▏│ ! 1 warnings — see the Warnings tab                                                            │
╰───────────────────────────────╯▏│                                                                                                │
╭─ [5] Runs ────────────────────╮▏│                                                                                                │
│ nothing run yet               │▏│                                                                                                │
╰───────────────────────────────╯▏│                                                                                                │
                                 ▏│                                                                                                │
                                 ▏│                                                                                                │
                                 ▏│                                                                                                │
                                 ▏│                                                                                                │
                                 ▏│                                                                                                │
                                 ▏│                                                                                                │
                                 ▏│                                                                                                │
                                 ▏│                                                                                                │
                                 ▏│                                                                                                │
                                 ▏╰────────────────────────────────────────────────────────────────────────────────────────────────╯
n snapshot · a apply · m move · p prune · x delete · / filter · [ ] tabs · ctrl+p commands · ? keys