pgctl  pgctl.yaml
╭─ 1 Connections (3) ───────────╮ ╭────────────────────────────────────────────────────────────────────────────────────────────────╮
│ ● prd       protected         │ │ ‹ Manifest · Tables · Warnings · Drift ›                                                       │
│ ● qat       guarded           │ │                                                                                                │
│ ✗ scratch                     │ │ prd/product-development/20260828T030000Z                                                       │
│                          3/3  │ │                                                                                                │
╰───────────────────────────────╯ │ taken          2026-08-27 22:00  14h ago                                                       │
╭─ 2 Databases (3) ─────────────╮ │ took           3:22                                                                            │
│ product-development  11.0 GB  │ │ size           1.9 GB                                                                          │
│ claims               48.0 MB  │ │ tables         3                                                                               │
│ quote                20.0 GB  │ │ where          local                                                                           │
│                          3/3  │ │ server         PostgreSQL    pg_dump                                                           │
╰───────────────────────────────╯ │ compression    zstd:3   4 jobs                                                                 │
╭─ 3 Snapshots (1) ─────────────╮ │ source size    20.2 GB                                                                         │
│ 08-27 22:00  1.9 GB l         │ │                                                                                                │
│                          1/1  │ │ CONTENTS                                                                                       │
╰───────────────────────────────╯ │ whole          1                                                                               │
╭─ 4 Sets (1) ──────────────────╮ │ filtered       1                                                                               │
│ claims 2+2                    │ │ no data        1                                                                               │
│                          1/1  │ │ foreign keys   0                                                                               │
╰───────────────────────────────╯ │                                                                                                │
╭─ 5 Runs ──────────────────────╮ │ ! 1 warnings — see the Warnings tab                                                            │
│ nothing run yet               │ │                                                                                                │
│                               │ │                                                                                                │
╰───────────────────────────────╯ │                                                                                                │
                                  │                                                                                                │
                                  │                                                                                                │
                                  │                                                                                                │
                                  │                                                                                                │
                                  │                                                                                                │
                                  │                                                                                                │
                                  │                                                                                                │
                                  │                                                                                                │
                                  │                                                                                                │
                                  │                                                                                         18/18  │
                                  ╰────────────────────────────────────────────────────────────────────────────────────────────────╯
n snapshot · a apply · m move · p prune · x delete · / filter · tab pane · ? keys