pgctl  pgctl.yaml
╭─ [1] Connections (4) ─────────╮▏╭────────────────────────────────────────────────────────────────────────────────────────────────╮
│ ● prd               protected │▏│ ‹ Overview · Config ›                                                                          │
│ ● qat                 guarded │▏│                                                                                                │
│ ● local                       │▏│ name        prd                                                                                │
│ ✗ scratch                     │▏│ dsn         service=prd                                                                        │
╰───────────────────────────────╯▏│ guarded     no                                                                                 │
╭─ [2] Databases (3) ───────────╮▏│ protected   yes                                                                                │
│ product-development   11.0 GB │▏│ maintenance postgres                                                                           │
│ claims                48.0 MB │▏│                                                                                                │
│ quote                 20.0 GB │▏│ HOW THIS RESOLVES                                                                              │
╰───────────────────────────────╯▏│   The DSN is handed to libpq unchanged, so ~/.pg_service.conf, ~/.pgpass and the PG* variables │
╭─ [3] Snapshots (1) ───────────╮▏│   apply exactly as they do to psql. pgctl never stores a password.                             │
│   08-27 22:00         1.9 GB  │▏│                                                                                                │
╰───────────────────────────────╯▏│ MEANING                                                                                        │
╭─ [4] Sets (1) ────────────────╮▏│   This environment can never be an apply target. There is no flag that changes that.           │
│ claims                    2+2 │▏│                                                                                                │
╰───────────────────────────────╯▏│                                                                                                │
╭─ [5] Runs ────────────────────╮▏│                                                                                                │
│ nothing run yet               │▏│                                                                                                │
╰───────────────────────────────╯▏│                                                                                                │
                                 ▏│                                                                                                │
                                 ▏│                                                                                                │
                                 ▏│                                                                                                │
                                 ▏│                                                                                                │
                                 ▏│                                                                                                │
                                 ▏│                                                                                                │
                                 ▏│                                                                                                │
                                 ▏│                                                                                                │
                                 ▏│                                                                                                │
                                 ▏│                                                                                                │
                                 ▏│                                                                                                │
                                 ▏│                                                                                                │
                                 ▏│                                                                                                │
                                 ▏│                                                                                                │
                                 ▏╰────────────────────────────────────────────────────────────────────────────────────────────────╯
n snapshot · a apply · m move · p prune · / filter · [ ] tabs · ctrl+p commands · ? keys