pgctl  pgctl.yaml
╭─ [1] Connections (4) ─────────╮▏╭────────────────────────────────────────────────────────────────────────────────────────────────╮
│ ● prd               protected │▏│ ‹ Overview ›                                                                                   │
│ ● qat                 guarded │▏│                                                                                                │
│ ● local                       │▏│                                                                                                │
│ ✗ scratch                     │▏│                                                                                                │
╰───────────────────────────────╯▏│                                                                                                │
╭─ [2] Databases (3) ───────────╮▏│                                                                                                │
│ product-development   11.0 GB │▏│                                                                                                │
│ claims                48.0 MB │▏│                                                                                                │
│ quote                 20.0 GB │▏│                                                                                                │
╰───────────────────────────────╯▏│                                                                                                │
╭─ [3] Snapshots (1) ───────────╮▏│                                                                                                │
│   08-27 22:00      1db 1.9 GB │▏│                                                                                                │
╰───────────────────────────────╯▏│                                                                                                │
╭─ [4] Restorable ──────────────╮▏│                                                                                                │
│                               │▏│                                                                                                │
╰───────────────────────────────╯▏│                                                                                                │
╭─ [5] Sets (1) ────────────────╮▏│                                                                                                │
│ claims                    2+2 │▏│                                                                                                │
╰───────────────────────────────╯▏│                                                                                                │
╭─ [6] Runs ────────────────────╮▏│                                                                                                │
│ nothing run yet               │▏│                                                                                                │
╰───────────────────────────────╯▏│                                                                                                │
                                 ▏│                                                                                                │
                                 ▏│                                                                                                │
                                 ▏│                                                                                                │
                                 ▏│                                                                                                │
                                 ▏│                                                                                                │
                                 ▏│                                                                                                │
                                 ▏│                                                                                                │
                                 ▏│                                                                                                │
                                 ▏│                                                                                                │
                                 ▏│                                                                                                │
                                 ▏│                                                                                           0/0  │
                                 ▏╰────────────────────────────────────────────────────────────────────────────────────────────────╯
n snapshot · a apply · m move · p prune · / filter · [ ] tabs · ctrl+p commands · ? keys