pgctl  pgctl.yaml
╭─ 1 Connections (3) ───────────╮ ╭────────────────────────────────────────────────────────────────────────────────────────────────╮
│ ● prd       protected         │ │ ‹ Overview · Databases · Config ›                                                              │
│ ● qat       guarded           │ │                                                                                                │
│ ✗ scratch                     │ │ scratch                                                                                        │
│                          3/3  │ │                                                                                                │
╰───────────────────────────────╯ │ cannot reach scratch                                                                           │
╭─ 2 Databases ─────────────────╮ │                                                                                                │
│ unreachable                   │ │ dial tcp 127.0.0.1:5432: connect: connection refused                                           │
│                               │ │                                                                                                │
╰───────────────────────────────╯ │ r retries. A secrets file that will not decrypt, a firewall                                    │
╭─ 3 Snapshots ─────────────────╮ │ rule that does not list this address, and a stopped server all                                 │
│ none — press n                │ │ look the same from here.                                                                       │
│                               │ │                                                                                                │
╰───────────────────────────────╯ │                                                                                                │
╭─ 4 Sets (1) ──────────────────╮ │                                                                                                │
│ claims ?                      │ │                                                                                                │
│                          1/1  │ │                                                                                                │
╰───────────────────────────────╯ │                                                                                                │
╭─ 5 Runs ──────────────────────╮ │                                                                                                │
│ nothing run yet               │ │                                                                                                │
│                               │ │                                                                                                │
╰───────────────────────────────╯ │                                                                                                │
                                  │                                                                                                │
                                  │                                                                                                │
                                  │                                                                                                │
                                  │                                                                                                │
                                  │                                                                                                │
                                  │                                                                                                │
                                  │                                                                                                │
                                  │                                                                                                │
                                  │                                                                                                │
                                  │                                                                                                │
                                  │                                                                                                │
                                  │                                                                                           9/9  │
                                  ╰────────────────────────────────────────────────────────────────────────────────────────────────╯
n snapshot · a apply · m move · p prune · / filter · tab pane · ? keys